Archive member included to satisfy reference by file (symbol)

C:/ST/STM32CubeIDE_1.17.0/STM32CubeIDE/plugins/com.st.stm32cube.ide.mcu.externaltools.gnu-tools-for-stm32.12.3.rel1.win32_1.1.0.202410251130/tools/bin/../lib/gcc/arm-none-eabi/12.3.1/../../../../arm-none-eabi/lib/thumb/v7e-m+fp/hard\libc_nano.a(libc_a-exit.o)
                              C:/ST/STM32CubeIDE_1.17.0/STM32CubeIDE/plugins/com.st.stm32cube.ide.mcu.externaltools.gnu-tools-for-stm32.12.3.rel1.win32_1.1.0.202410251130/tools/bin/../lib/gcc/arm-none-eabi/12.3.1/../../../../arm-none-eabi/lib/thumb/v7e-m+fp/hard/crt0.o (exit)
C:/ST/STM32CubeIDE_1.17.0/STM32CubeIDE/plugins/com.st.stm32cube.ide.mcu.externaltools.gnu-tools-for-stm32.12.3.rel1.win32_1.1.0.202410251130/tools/bin/../lib/gcc/arm-none-eabi/12.3.1/../../../../arm-none-eabi/lib/thumb/v7e-m+fp/hard\libc_nano.a(libc_a-strtoul.o)
                              ./Core/Src/API_Comm.o (strtoul)
C:/ST/STM32CubeIDE_1.17.0/STM32CubeIDE/plugins/com.st.stm32cube.ide.mcu.externaltools.gnu-tools-for-stm32.12.3.rel1.win32_1.1.0.202410251130/tools/bin/../lib/gcc/arm-none-eabi/12.3.1/../../../../arm-none-eabi/lib/thumb/v7e-m+fp/hard\libc_nano.a(libc_a-ctype_.o)
                              C:/ST/STM32CubeIDE_1.17.0/STM32CubeIDE/plugins/com.st.stm32cube.ide.mcu.externaltools.gnu-tools-for-stm32.12.3.rel1.win32_1.1.0.202410251130/tools/bin/../lib/gcc/arm-none-eabi/12.3.1/../../../../arm-none-eabi/lib/thumb/v7e-m+fp/hard\libc_nano.a(libc_a-strtoul.o) (_ctype_)
C:/ST/STM32CubeIDE_1.17.0/STM32CubeIDE/plugins/com.st.stm32cube.ide.mcu.externaltools.gnu-tools-for-stm32.12.3.rel1.win32_1.1.0.202410251130/tools/bin/../lib/gcc/arm-none-eabi/12.3.1/../../../../arm-none-eabi/lib/thumb/v7e-m+fp/hard\libc_nano.a(libc_a-nano-vfprintf_float.o)
                              (_printf_float)
C:/ST/STM32CubeIDE_1.17.0/STM32CubeIDE/plugins/com.st.stm32cube.ide.mcu.externaltools.gnu-tools-for-stm32.12.3.rel1.win32_1.1.0.202410251130/tools/bin/../lib/gcc/arm-none-eabi/12.3.1/../../../../arm-none-eabi/lib/thumb/v7e-m+fp/hard\libc_nano.a(libc_a-nano-vfprintf_i.o)
                              C:/ST/STM32CubeIDE_1.17.0/STM32CubeIDE/plugins/com.st.stm32cube.ide.mcu.externaltools.gnu-tools-for-stm32.12.3.rel1.win32_1.1.0.202410251130/tools/bin/../lib/gcc/arm-none-eabi/12.3.1/../../../../arm-none-eabi/lib/thumb/v7e-m+fp/hard\libc_nano.a(libc_a-nano-vfprintf_float.o) (_printf_common)
C:/ST/STM32CubeIDE_1.17.0/STM32CubeIDE/plugins/com.st.stm32cube.ide.mcu.externaltools.gnu-tools-for-stm32.12.3.rel1.win32_1.1.0.202410251130/tools/bin/../lib/gcc/arm-none-eabi/12.3.1/../../../../arm-none-eabi/lib/thumb/v7e-m+fp/hard\libc_nano.a(libc_a-findfp.o)
                              C:/ST/STM32CubeIDE_1.17.0/STM32CubeIDE/plugins/com.st.stm32cube.ide.mcu.externaltools.gnu-tools-for-stm32.12.3.rel1.win32_1.1.0.202410251130/tools/bin/../lib/gcc/arm-none-eabi/12.3.1/../../../../arm-none-eabi/lib/thumb/v7e-m+fp/hard\libc_nano.a(libc_a-exit.o) (__stdio_exit_handler)
C:/ST/STM32CubeIDE_1.17.0/STM32CubeIDE/plugins/com.st.stm32cube.ide.mcu.externaltools.gnu-tools-for-stm32.12.3.rel1.win32_1.1.0.202410251130/tools/bin/../lib/gcc/arm-none-eabi/12.3.1/../../../../arm-none-eabi/lib/thumb/v7e-m+fp/hard\libc_nano.a(libc_a-fwalk.o)
                              C:/ST/STM32CubeIDE_1.17.0/STM32CubeIDE/plugins/com.st.stm32cube.ide.mcu.externaltools.gnu-tools-for-stm32.12.3.rel1.win32_1.1.0.202410251130/tools/bin/../lib/gcc/arm-none-eabi/12.3.1/../../../../arm-none-eabi/lib/thumb/v7e-m+fp/hard\libc_nano.a(libc_a-findfp.o) (_fwalk_sglue)
C:/ST/STM32CubeIDE_1.17.0/STM32CubeIDE/plugins/com.st.stm32cube.ide.mcu.externaltools.gnu-tools-for-stm32.12.3.rel1.win32_1.1.0.202410251130/tools/bin/../lib/gcc/arm-none-eabi/12.3.1/../../../../arm-none-eabi/lib/thumb/v7e-m+fp/hard\libc_nano.a(libc_a-printf.o)
                              ./Core/Src/main.o (printf)
C:/ST/STM32CubeIDE_1.17.0/STM32CubeIDE/plugins/com.st.stm32cube.ide.mcu.externaltools.gnu-tools-for-stm32.12.3.rel1.win32_1.1.0.202410251130/tools/bin/../lib/gcc/arm-none-eabi/12.3.1/../../../../arm-none-eabi/lib/thumb/v7e-m+fp/hard\libc_nano.a(libc_a-snprintf.o)
                              ./Core/Src/main.o (snprintf)
C:/ST/STM32CubeIDE_1.17.0/STM32CubeIDE/plugins/com.st.stm32cube.ide.mcu.externaltools.gnu-tools-for-stm32.12.3.rel1.win32_1.1.0.202410251130/tools/bin/../lib/gcc/arm-none-eabi/12.3.1/../../../../arm-none-eabi/lib/thumb/v7e-m+fp/hard\libc_nano.a(libc_a-sprintf.o)
                              ./Core/Src/Serial_Comm.o (sprintf)
C:/ST/STM32CubeIDE_1.17.0/STM32CubeIDE/plugins/com.st.stm32cube.ide.mcu.externaltools.gnu-tools-for-stm32.12.3.rel1.win32_1.1.0.202410251130/tools/bin/../lib/gcc/arm-none-eabi/12.3.1/../../../../arm-none-eabi/lib/thumb/v7e-m+fp/hard\libc_nano.a(libc_a-stdio.o)
[...]
Memory Configuration

Name             Origin             Length             Attributes
CCMRAM           0x10000000         0x00010000         xrw
RAM              0x20000000         0x00020000         xrw
FLASH            0x08000000         0x00100000         xr
*default*        0x00000000         0xffffffff

Linker script and memory map

LOAD C:/ST/STM32CubeIDE_1.17.0/STM32CubeIDE/plugins/com.st.stm32cube.ide.mcu.externaltools.gnu-tools-for-stm32.12.3.rel1.win32_1.1.0.202410251130/tools/bin/../lib/gcc/arm-none-eabi/12.3.1/thumb/v7e-m+fp/hard/crti.o
LOAD C:/ST/STM32CubeIDE_1.17.0/STM32CubeIDE/plugins/com.st.stm32cube.ide.mcu.externaltools.gnu-tools-for-stm32.12.3.rel1.win32_1.1.0.202410251130/tools/bin/../lib/gcc/arm-none-eabi/12.3.1/thumb/v7e-m+fp/hard/crtbegin.o
LOAD C:/ST/STM32CubeIDE_1.17.0/STM32CubeIDE/plugins/com.st.stm32cube.ide.mcu.externaltools.gnu-tools-for-stm32.12.3.rel1.win32_1.1.0.202410251130/tools/bin/../lib/gcc/arm-none-eabi/12.3.1/../../../../arm-none-eabi/lib/thumb/v7e-m+fp/hard/crt0.o
LOAD ./Core/Src/API_Comm.o
LOAD ./Core/Src/BMI088.o
LOAD ./Core/Src/ComputeOrientation.o
LOAD ./Core/Src/Filters.o
LOAD ./Core/Src/FusionAhrs.o
LOAD ./Core/Src/FusionCompass.o
LOAD ./Core/Src/FusionOffset.o
LOAD ./Core/Src/MadgwickAHRS.o
LOAD ./Core/Src/Serial_Comm.o
LOAD ./Core/Src/main.o
LOAD ./Core/Src/mcp3564.o
LOAD ./Core/Src/stm32f4xx_hal_msp.o
LOAD ./Core/Src/stm32f4xx_it.o
LOAD ./Core/Src/syscalls.o
LOAD ./Core/Src/sysmem.o
LOAD ./Core/Src/system_stm32f4xx.o
LOAD ./Core/Src/utils.o
LOAD ./Core/Startup/startup_stm32f405rgtx.o
LOAD ./Drivers/STM32F4xx_HAL_Driver/Src/stm32f4xx_hal.o
LOAD ./Drivers/STM32F4xx_HAL_Driver/Src/stm32f4xx_hal_cortex.o
LOAD ./Drivers/STM32F4xx_HAL_Driver/Src/stm32f4xx_hal_dma.o
LOAD ./Drivers/STM32F4xx_HAL_Driver/Src/stm32f4xx_hal_dma_ex.o
LOAD ./Drivers/STM32F4xx_HAL_Driver/Src/stm32f4xx_hal_exti.o
LOAD ./Drivers/STM32F4xx_HAL_Driver/Src/stm32f4xx_hal_flash.o
LOAD ./Drivers/STM32F4xx_HAL_Driver/Src/stm32f4xx_hal_flash_ex.o
LOAD ./Drivers/STM32F4xx_HAL_Driver/Src/stm32f4xx_hal_flash_ramfunc.o
LOAD ./Drivers/STM32F4xx_HAL_Driver/Src/stm32f4xx_hal_gpio.o
LOAD ./Drivers/STM32F4xx_HAL_Driver/Src/stm32f4xx_hal_pcd.o
LOAD ./Drivers/STM32F4xx_HAL_Driver/Src/stm32f4xx_hal_pcd_ex.o
LOAD ./Drivers/STM32F4xx_HAL_Driver/Src/stm32f4xx_hal_pwr.o
LOAD ./Drivers/STM32F4xx_HAL_Driver/Src/stm32f4xx_hal_pwr_ex.o
LOAD ./Drivers/STM32F4xx_HAL_Driver/Src/stm32f4xx_hal_rcc.o
LOAD ./Drivers/STM32F4xx_HAL_Driver/Src/stm32f4xx_hal_rcc_ex.o
LOAD ./Drivers/STM32F4xx_HAL_Driver/Src/stm32f4xx_hal_spi.o
LOAD ./Drivers/STM32F4xx_HAL_Driver/Src/stm32f4xx_hal_tim.o
LOAD ./Drivers/STM32F4xx_HAL_Driver/Src/stm32f4xx_hal_tim_ex.o
LOAD ./Drivers/STM32F4xx_HAL_Driver/Src/stm32f4xx_hal_uart.o
LOAD ./Drivers/STM32F4xx_HAL_Driver/Src/stm32f4xx_ll_usb.o
LOAD ./Middlewares/ST/STM32_USB_Device_Library/Class/CDC/Src/usbd_cdc.o
LOAD ./Middlewares/ST/STM32_USB_Device_Library/Core/Src/usbd_core.o
LOAD ./Middlewares/ST/STM32_USB_Device_Library/Core/Src/usbd_ctlreq.o
LOAD ./Middlewares/ST/STM32_USB_Device_Library/Core/Src/usbd_ioreq.o
LOAD ./USB_DEVICE/App/usb_device.o
LOAD ./USB_DEVICE/App/usbd_cdc_if.o
LOAD ./USB_DEVICE/App/usbd_desc.o
LOAD ./USB_DEVICE/Target/usbd_conf.o
LOAD C:/ST/STM32CubeIDE_1.17.0/STM32CubeIDE/plugins/com.st.stm32cube.ide.mcu.externaltools.gnu-tools-for-stm32.12.3.rel1.win32_1.1.0.202410251130/tools/bin/../lib/gcc/arm-none-eabi/12.3.1/../../../../arm-none-eabi/lib/thumb/v7e-m+fp/hard\libstdc++_nano.a
START GROUP
LOAD C:/ST/STM32CubeIDE_1.17.0/STM32CubeIDE/plugins/com.st.stm32cube.ide.mcu.externaltools.gnu-tools-for-stm32.12.3.rel1.win32_1.1.0.202410251130/tools/bin/../lib/gcc/arm-none-eabi/12.3.1/../../../../arm-none-eabi/lib/thumb/v7e-m+fp/hard\libc_nano.a
LOAD C:/ST/STM32CubeIDE_1.17.0/STM32CubeIDE/plugins/com.st.stm32cube.ide.mcu.externaltools.gnu-tools-for-stm32.12.3.rel1.win32_1.1.0.202410251130/tools/bin/../lib/gcc/arm-none-eabi/12.3.1/../../../../arm-none-eabi/lib/thumb/v7e-m+fp/hard\libm.a
END GROUP
START GROUP
LOAD C:/ST/STM32CubeIDE_1.17.0/STM32CubeIDE/plugins/com.st.stm32cube.ide.mcu.externaltools.gnu-tools-for-stm32.12.3.rel1.win32_1.1.0.202410251130/tools/bin/../lib/gcc/arm-none-eabi/12.3.1/thumb/v7e-m+fp/hard\libgcc.a
LOAD C:/ST/STM32CubeIDE_1.17.0/STM32CubeIDE/plugins/com.st.stm32cube.ide.mcu.externaltools.gnu-tools-for-stm32.12.3.rel1.win32_1.1.0.202410251130/tools/bin/../lib/gcc/arm-none-eabi/12.3.1/../../../../arm-none-eabi/lib/thumb/v7e-m+fp/hard\libc_nano.a
END GROUP
START GROUP
LOAD C:/ST/STM32CubeIDE_1.17.0/STM32CubeIDE/plugins/com.st.stm32cube.ide.mcu.externaltools.gnu-tools-for-stm32.12.3.rel1.win32_1.1.0.202410251130/tools/bin/../lib/gcc/arm-none-eabi/12.3.1/thumb/v7e-m+fp/hard\libgcc.a
LOAD C:/ST/STM32CubeIDE_1.17.0/STM32CubeIDE/plugins/com.st.stm32cube.ide.mcu.externaltools.gnu-tools-for-stm32.12.3.rel1.win32_1.1.0.202410251130/tools/bin/../lib/gcc/arm-none-eabi/12.3.1/../../../../arm-none-eabi/lib/thumb/v7e-m+fp/hard\libc_nano.a
LOAD C:/ST/STM32CubeIDE_1.17.0/STM32CubeIDE/plugins/com.st.stm32cube.ide.mcu.externaltools.gnu-tools-for-stm32.12.3.rel1.win32_1.1.0.202410251130/tools/bin/../lib/gcc/arm-none-eabi/12.3.1/../../../../arm-none-eabi/lib/thumb/v7e-m+fp/hard\libnosys.a
END GROUP
START GROUP
LOAD C:/ST/STM32CubeIDE_1.17.0/STM32CubeIDE/plugins/com.st.stm32cube.ide.mcu.externaltools.gnu-tools-for-stm32.12.3.rel1.win32_1.1.0.202410251130/tools/bin/../lib/gcc/arm-none-eabi/12.3.1/thumb/v7e-m+fp/hard\libgcc.a
LOAD C:/ST/STM32CubeIDE_1.17.0/STM32CubeIDE/plugins/com.st.stm32cube.ide.mcu.externaltools.gnu-tools-for-stm32.12.3.rel1.win32_1.1.0.202410251130/tools/bin/../lib/gcc/arm-none-eabi/12.3.1/../../../../arm-none-eabi/lib/thumb/v7e-m+fp/hard\libc_nano.a
LOAD C:/ST/STM32CubeIDE_1.17.0/STM32CubeIDE/plugins/com.st.stm32cube.ide.mcu.externaltools.gnu-tools-for-stm32.12.3.rel1.win32_1.1.0.202410251130/tools/bin/../lib/gcc/arm-none-eabi/12.3.1/../../../../arm-none-eabi/lib/thumb/v7e-m+fp/hard\libnosys.a
END GROUP
LOAD C:/ST/STM32CubeIDE_1.17.0/STM32CubeIDE/plugins/com.st.stm32cube.ide.mcu.externaltools.gnu-tools-for-stm32.12.3.rel1.win32_1.1.0.202410251130/tools/bin/../lib/gcc/arm-none-eabi/12.3.1/thumb/v7e-m+fp/hard/crtend.o
LOAD C:/ST/STM32CubeIDE_1.17.0/STM32CubeIDE/plugins/com.st.stm32cube.ide.mcu.externaltools.gnu-tools-for-stm32.12.3.rel1.win32_1.1.0.202410251130/tools/bin/../lib/gcc/arm-none-eabi/12.3.1/thumb/v7e-m+fp/hard/crtn.o
                0x20020000                        _estack = (ORIGIN (RAM) + LENGTH (RAM))
                0x00000200                        _Min_Heap_Size = 0x200
                0x00000400                        _Min_Stack_Size = 0x400

.isr_vector     0x08000000      0x188
                0x08000000                        . = ALIGN (0x4)
 *(.isr_vector)
 .isr_vector    0x08000000      0x188 ./Core/Startup/startup_stm32f405rgtx.o
                0x08000000                g_pfnVectors
                0x08000188                        . = ALIGN (0x4)

.text           0x08000190    0x12608
                0x08000190                        . = ALIGN (0x4)
 *(.text)
 .text          0x08000190       0x40 C:/ST/STM32CubeIDE_1.17.0/STM32CubeIDE/plugins/com.st.stm32cube.ide.mcu.externaltools.gnu-tools-for-stm32.12.3.rel1.win32_1.1.0.202410251130/tools/bin/../lib/gcc/arm-none-eabi/12.3.1/thumb/v7e-m+fp/hard/crtbegin.o
 .text          0x080001d0       0xa0 C:/ST/STM32CubeIDE_1.17.0/STM32CubeIDE/plugins/com.st.stm32cube.ide.mcu.externaltools.gnu-tools-for-stm32.12.3.rel1.win32_1.1.0.202410251130/tools/bin/../lib/gcc/arm-none-eabi/12.3.1/../../../../arm-none-eabi/lib/thumb/v7e-m+fp/hard\libc_nano.a(libc_a-memchr.o)
                0x080001d0                memchr
 .text          0x08000270       0x10 C:/ST/STM32CubeIDE_1.17.0/STM32CubeIDE/plugins/com.st.stm32cube.ide.mcu.externaltools.gnu-tools-for-stm32.12.3.rel1.win32_1.1.0.202410251130/tools/bin/../lib/gcc/arm-none-eabi/12.3.1/../../../../arm-none-eabi/lib/thumb/v7e-m+fp/hard\libc_nano.a(libc_a-strlen.o)
                0x08000270                strlen
 .text          0x08000280      0x378 C:/ST/STM32CubeIDE_1.17.0/STM32CubeIDE/plugins/com.st.stm32cube.ide.mcu.externaltools.gnu-tools-for-stm32.12.3.rel1.win32_1.1.0.202410251130/tools/bin/../lib/gcc/arm-none-eabi/12.3.1/thumb/v7e-m+fp/hard\libgcc.a(_arm_addsubdf3.o)
                0x08000280                __aeabi_drsub
                0x08000288                __aeabi_dsub
                0x08000288                __subdf3
                0x0800028c                __aeabi_dadd
                0x0800028c                __adddf3
                0x08000504                __floatunsidf
                0x08000504                __aeabi_ui2d
                0x08000524                __floatsidf
                0x08000524                __aeabi_i2d
                0x08000548                __aeabi_f2d
                0x08000548                __extendsfdf2
                0x0800058c                __floatundidf
                0x0800058c                __aeabi_ul2d
                0x0800059c                __floatdidf
                0x0800059c                __aeabi_l2d
 .text          0x080005f8      0x424 C:/ST/STM32CubeIDE_1.17.0/STM32CubeIDE/plugins/com.st.stm32cube.ide.mcu.externaltools.gnu-tools-for-stm32.12.3.rel1.win32_1.1.0.202410251130/tools/bin/../lib/gcc/arm-none-eabi/12.3.1/thumb/v7e-m+fp/hard\libgcc.a(_arm_muldivdf3.o)
                0x080005f8                __aeabi_dmul
                0x080005f8                __muldf3
                0x0800084c                __divdf3
                0x0800084c                __aeabi_ddiv
 .text          0x08000a1c      0x110 C:/ST/STM32CubeIDE_1.17.0/STM32CubeIDE/plugins/com.st.stm32cube.ide.mcu.externaltools.gnu-tools-for-stm32.12.3.rel1.win32_1.1.0.202410251130/tools/bin/../lib/gcc/arm-none-eabi/12.3.1/thumb/v7e-m+fp/hard\libgcc.a(_arm_cmpdf2.o)
                0x08000a1c                __gtdf2
                0x08000a1c                __gedf2
                0x08000a24                __ltdf2
                0x08000a24                __ledf2
                0x08000a2c                __nedf2
                0x08000a2c                __eqdf2
                0x08000a2c                __cmpdf2
                0x08000aa8                __aeabi_cdrcmple
                0x08000ab8                __aeabi_cdcmpeq
                0x08000ab8                __aeabi_cdcmple
                0x08000ac8                __aeabi_dcmpeq
                0x08000adc                __aeabi_dcmplt
                0x08000af0                __aeabi_dcmple
                0x08000b04                __aeabi_dcmpge
                0x08000b18                __aeabi_dcmpgt
 .text          0x08000b2c       0x2c C:/ST/STM32CubeIDE_1.17.0/STM32CubeIDE/plugins/com.st.stm32cube.ide.mcu.externaltools.gnu-tools-for-stm32.12.3.rel1.win32_1.1.0.202410251130/tools/bin/../lib/gcc/arm-none-eabi/12.3.1/thumb/v7e-m+fp/hard\libgcc.a(_arm_unorddf2.o)
                0x08000b2c                __unorddf2
                0x08000b2c                __aeabi_dcmpun
 .text          0x08000b58       0x50 C:/ST/STM32CubeIDE_1.17.0/STM32CubeIDE/plugins/com.st.stm32cube.ide.mcu.externaltools.gnu-tools-for-stm32.12.3.rel1.win32_1.1.0.202410251130/tools/bin/../lib/gcc/arm-none-eabi/12.3.1/thumb/v7e-m+fp/hard\libgcc.a(_arm_fixdfsi.o)
                0x08000b58                __aeabi_d2iz
                0x08000b58                __fixdfsi
 .text          0x08000ba8       0xa0 C:/ST/STM32CubeIDE_1.17.0/STM32CubeIDE/plugins/com.st.stm32cube.ide.mcu.externaltools.gnu-tools-for-stm32.12.3.rel1.win32_1.1.0.202410251130/tools/bin/../lib/gcc/arm-none-eabi/12.3.1/thumb/v7e-m+fp/hard\libgcc.a(_arm_truncdfsf2.o)
                0x08000ba8                __truncdfsf2
                0x08000ba8                __aeabi_d2f
 .text          0x08000c48       0x30 C:/ST/STM32CubeIDE_1.17.0/STM32CubeIDE/plugins/com.st.stm32cube.ide.mcu.externaltools.gnu-tools-for-stm32.12.3.rel1.win32_1.1.0.202410251130/tools/bin/../lib/gcc/arm-none-eabi/12.3.1/thumb/v7e-m+fp/hard\libgcc.a(_aeabi_uldivmod.o)
                0x08000c48                __aeabi_uldivmod
 .text          0x08000c78      0x2bc C:/ST/STM32CubeIDE_1.17.0/STM32CubeIDE/plugins/com.st.stm32cube.ide.mcu.externaltools.gnu-tools-for-stm32.12.3.rel1.win32_1.1.0.202410251130/tools/bin/../lib/gcc/arm-none-eabi/12.3.1/thumb/v7e-m+fp/hard\libgcc.a(_udivmoddi4.o)
                0x08000c78                __udivmoddi4
 .text          0x08000f34        0x4 C:/ST/STM32CubeIDE_1.17.0/STM32CubeIDE/plugins/com.st.stm32cube.ide.mcu.externaltools.gnu-tools-for-stm32.12.3.rel1.win32_1.1.0.202410251130/tools/bin/../lib/gcc/arm-none-eabi/12.3.1/thumb/v7e-m+fp/hard\libgcc.a(_dvmd_tls.o)
                0x08000f34                __aeabi_idiv0
                0x08000f34                __aeabi_ldiv0
 *(.text*)
 .text.is_valid_number
                0x08000f38       0x5c ./Core/Src/API_Comm.o
                0x08000f38                is_valid_number
 .text.HandleReceivedString
                0x08000f94       0x84 ./Core/Src/API_Comm.o
                0x08000f94                HandleReceivedString
 .text.BMI088_Init
                0x08001018      0x230 ./Core/Src/BMI088.o
                0x08001018                BMI088_Init
 .text.Init_BMI088_Bias
                0x08001248      0x11a ./Core/Src/BMI088.o
                0x08001248                Init_BMI088_Bias
 .text.Take_IMU_Measurements
                0x08001362       0x86 ./Core/Src/BMI088.o
                0x08001362                Take_IMU_Measurements
 .text.BMI088_ReadAccRegister
                0x080013e8       0x7c ./Core/Src/BMI088.o
                0x080013e8                BMI088_ReadAccRegister
 .text.BMI088_ReadGyrRegister
                0x08001464       0x78 ./Core/Src/BMI088.o
                0x08001464                BMI088_ReadGyrRegister
 .text.BMI088_WriteAccRegister
                0x080014dc       0x74 ./Core/Src/BMI088.o
                0x080014dc                BMI088_WriteAccRegister
 .text.BMI088_WriteGyrRegister
                0x08001550       0x74 ./Core/Src/BMI088.o
                0x08001550                BMI088_WriteGyrRegister
 .text.BMI088_ReadAccelerometerDMA
                0x080015c4       0x64 ./Core/Src/BMI088.o
                0x080015c4                BMI088_ReadAccelerometerDMA
 .text.BMI088_ReadAccelerometerDMA_Complete
                0x08001628       0xd4 ./Core/Src/BMI088.o
                0x08001628                BMI088_ReadAccelerometerDMA_Complete
 .text.BMI088_ReadGyroscopeDMA
                0x080016fc       0x64 ./Core/Src/BMI088.o
                0x080016fc                BMI088_ReadGyroscopeDMA
 .text.BMI088_ReadGyroscopeDMA_Complete
                0x08001760       0xc8 ./Core/Src/BMI088.o
                0x08001760                BMI088_ReadGyroscopeDMA_Complete
 .text.QuaternionToEuler
                0x08001828      0x200 ./Core/Src/ComputeOrientation.o
                0x08001828                QuaternionToEuler
 .text.SetQuaternionFromEuler
                0x08001a28      0x1a8 ./Core/Src/ComputeOrientation.o
                0x08001a28                SetQuaternionFromEuler
 .text.Filter_Init
                0x08001bd0      0x196 ./Core/Src/Filters.o
                0x08001bd0                Filter_Init
 *fill*         0x08001d66        0x2 
 .text.LPF_CalculateAlpha
                0x08001d68       0x6c ./Core/Src/Filters.o
                0x08001d68                LPF_CalculateAlpha
 .text.LPF_Update_Single
                0x08001dd4       0x46 ./Core/Src/Filters.o
                0x08001dd4                LPF_Update_Single
 .text.LPF_SetAlpha
                0x08001e1a       0xbc ./Core/Src/Filters.o
                0x08001e1a                LPF_SetAlpha
 .text.LPF_Init
                0x08001ed6       0x62 ./Core/Src/Filters.o
                0x08001ed6                LPF_Init
 .text.LPF_GyrAcc_Update_All
                0x08001f38      0x1aa ./Core/Src/Filters.o
                0x08001f38                LPF_GyrAcc_Update_All
 .text.HPF_Init
                0x080020e2       0x4a ./Core/Src/Filters.o
                0x080020e2                HPF_Init
 .text.HPF_CalculateBeta
                0x0800212c       0x44 ./Core/Src/Filters.o
                0x0800212c                HPF_CalculateBeta
 .text.HPF_SetBeta
                0x08002170       0x84 ./Core/Src/Filters.o
                0x08002170                HPF_SetBeta
 .text.MadgwickAHRSupdateIMU
                0x080021f4      0x668 ./Core/Src/MadgwickAHRS.o
                0x080021f4                MadgwickAHRSupdateIMU
 .text.invSqrt  0x0800285c       0x78 ./Core/Src/MadgwickAHRS.o
                0x0800285c                invSqrt
 .text.SetPriorities
                0x080028d4       0xbe ./Core/Src/main.o
                0x080028d4                SetPriorities
 *fill*         0x08002992        0x2 
 .text.HAL_UART_RxCpltCallback
                0x08002994       0x88 ./Core/Src/main.o
                0x08002994                HAL_UART_RxCpltCallback
 .text.HAL_GPIO_EXTI_Callback
                0x08002a1c       0x60 ./Core/Src/main.o
                0x08002a1c                HAL_GPIO_EXTI_Callback
 .text.HAL_SPI_TxRxCpltCallback
                0x08002a7c       0x78 ./Core/Src/main.o
                0x08002a7c                HAL_SPI_TxRxCpltCallback
 .text.HAL_TIM_PeriodElapsedCallback
                0x08002af4      0x254 ./Core/Src/main.o
                0x08002af4                HAL_TIM_PeriodElapsedCallback
 .text.main     0x08002d48      0x1d0 ./Core/Src/main.o
                0x08002d48                main
 .text.SystemClock_Config
                0x08002f18       0xd4 ./Core/Src/main.o
                0x08002f18                SystemClock_Config
 .text.MX_SPI1_Init
                0x08002fec       0x6c ./Core/Src/main.o
 .text.MX_SPI2_Init
                0x08003058       0x6c ./Core/Src/main.o
 .text.MX_TIM2_Init
                0x080030c4       0xe8 ./Core/Src/main.o
 .text.MX_TIM3_Init
                0x080031ac       0x9c ./Core/Src/main.o
 .text.MX_TIM4_Init
                0x08003248       0x9c ./Core/Src/main.o
 .text.MX_TIM9_Init
                0x080032e4       0xc4 ./Core/Src/main.o
 .text.MX_USART1_UART_Init
                0x080033a8       0x54 ./Core/Src/main.o
 .text.MX_DMA_Init
                0x080033fc       0x9c ./Core/Src/main.o
 .text.MX_GPIO_Init
                0x08003498      0x178 ./Core/Src/main.o
 .text.__io_putchar
                0x08003610       0x8c ./Core/Src/main.o
                0x08003610                __io_putchar
 .text.Error_Handler
                0x0800369c       0x3c ./Core/Src/main.o
                0x0800369c                Error_Handler
 .text._MCP3561_write
                0x080036d8       0x40 ./Core/Src/mcp3564.o
                0x080036d8                _MCP3561_write
 .text.MCP3561_Init
                0x08003718      0x114 ./Core/Src/mcp3564.o
                0x08003718                MCP3561_Init
 .text.MCP3561_Reset
                0x0800382c       0x22 ./Core/Src/mcp3564.o
                0x0800382c                MCP3561_Reset
 *fill*         0x0800384e        0x2 
 .text.MCP3561_StartReadADCData_DMA
                0x08003850       0x34 ./Core/Src/mcp3564.o
                0x08003850                MCP3561_StartReadADCData_DMA
 .text.MCP3561_ReadADCData_DMA
                0x08003884       0xdc ./Core/Src/mcp3564.o
                0x08003884                MCP3561_ReadADCData_DMA
 .text.convertAdcToVoltage
                0x08003960       0x6c ./Core/Src/mcp3564.o
                0x08003960                convertAdcToVoltage
 .text.HAL_MspInit
                0x080039cc       0x50 ./Core/Src/stm32f4xx_hal_msp.o
                0x080039cc                HAL_MspInit
 .text.HAL_SPI_MspInit
                0x08003a1c      0x2b4 ./Core/Src/stm32f4xx_hal_msp.o
                0x08003a1c                HAL_SPI_MspInit
 .text.HAL_TIM_Base_MspInit
                0x08003cd0       0xf0 ./Core/Src/stm32f4xx_hal_msp.o
                0x08003cd0                HAL_TIM_Base_MspInit
 .text.HAL_TIM_MspPostInit
                0x08003dc0       0x74 ./Core/Src/stm32f4xx_hal_msp.o
                0x08003dc0                HAL_TIM_MspPostInit
 .text.HAL_UART_MspInit
                0x08003e34      0x104 ./Core/Src/stm32f4xx_hal_msp.o
                0x08003e34                HAL_UART_MspInit
 .text.NMI_Handler
                0x08003f38        0x8 ./Core/Src/stm32f4xx_it.o
                0x08003f38                NMI_Handler
 .text.HardFault_Handler
                0x08003f40        0x8 ./Core/Src/stm32f4xx_it.o
                0x08003f40                HardFault_Handler
 .text.MemManage_Handler
                0x08003f48        0x8 ./Core/Src/stm32f4xx_it.o
                0x08003f48                MemManage_Handler
 .text.BusFault_Handler
                0x08003f50        0x8 ./Core/Src/stm32f4xx_it.o
                0x08003f50                BusFault_Handler
 .text.UsageFault_Handler
                0x08003f58        0x8 ./Core/Src/stm32f4xx_it.o
                0x08003f58                UsageFault_Handler
 .text.SVC_Handler
                0x08003f60        0xe ./Core/Src/stm32f4xx_it.o
                0x08003f60                SVC_Handler
 .text.DebugMon_Handler
                0x08003f6e        0xe ./Core/Src/stm32f4xx_it.o
                0x08003f6e                DebugMon_Handler
 .text.PendSV_Handler
                0x08003f7c        0xe ./Core/Src/stm32f4xx_it.o
                0x08003f7c                PendSV_Handler
 .text.SysTick_Handler
                0x08003f8a        0xc ./Core/Src/stm32f4xx_it.o
                0x08003f8a                SysTick_Handler
 .text.EXTI0_IRQHandler
                0x08003f96        0xe ./Core/Src/stm32f4xx_it.o
                0x08003f96                EXTI0_IRQHandler
 .text.EXTI2_IRQHandler
                0x08003fa4        0xe ./Core/Src/stm32f4xx_it.o
                0x08003fa4                EXTI2_IRQHandler
 .text.EXTI3_IRQHandler
                0x08003fb2        0xe ./Core/Src/stm32f4xx_it.o
                0x08003fb2                EXTI3_IRQHandler
 .text.DMA1_Stream3_IRQHandler
                0x08003fc0       0x14 ./Core/Src/stm32f4xx_it.o
                0x08003fc0                DMA1_Stream3_IRQHandler
 .text.DMA1_Stream4_IRQHandler
                0x08003fd4       0x14 ./Core/Src/stm32f4xx_it.o
                0x08003fd4                DMA1_Stream4_IRQHandler
 .text.TIM2_IRQHandler
                0x08003fe8       0x14 ./Core/Src/stm32f4xx_it.o
                0x08003fe8                TIM2_IRQHandler
 .text.TIM3_IRQHandler
                0x08003ffc       0x14 ./Core/Src/stm32f4xx_it.o
                0x08003ffc                TIM3_IRQHandler
 .text.TIM4_IRQHandler
                0x08004010       0x14 ./Core/Src/stm32f4xx_it.o
                0x08004010                TIM4_IRQHandler
 .text.SPI1_IRQHandler
                0x08004024       0x14 ./Core/Src/stm32f4xx_it.o
                0x08004024                SPI1_IRQHandler
 .text.SPI2_IRQHandler
                0x08004038       0x14 ./Core/Src/stm32f4xx_it.o
                0x08004038                SPI2_IRQHandler
 .text.USART1_IRQHandler
                0x0800404c       0x14 ./Core/Src/stm32f4xx_it.o
                0x0800404c                USART1_IRQHandler
 .text.DMA2_Stream0_IRQHandler
                0x08004060       0x14 ./Core/Src/stm32f4xx_it.o
                0x08004060                DMA2_Stream0_IRQHandler
 .text.DMA2_Stream3_IRQHandler
                0x08004074       0x14 ./Core/Src/stm32f4xx_it.o
                0x08004074                DMA2_Stream3_IRQHandler
 .text.OTG_FS_IRQHandler
                0x08004088       0x14 ./Core/Src/stm32f4xx_it.o
                0x08004088                OTG_FS_IRQHandler
 .text.DMA2_Stream7_IRQHandler
                0x0800409c       0x14 ./Core/Src/stm32f4xx_it.o
                0x0800409c                DMA2_Stream7_IRQHandler
 .text._getpid  0x080040b0       0x10 ./Core/Src/syscalls.o
                0x080040b0                _getpid
 .text._kill    0x080040c0       0x20 ./Core/Src/syscalls.o
                0x080040c0                _kill
 .text._exit    0x080040e0       0x16 ./Core/Src/syscalls.o
                0x080040e0                _exit
 .text._read    0x080040f6       0x3a ./Core/Src/syscalls.o
                0x080040f6                _read
 .text._write   0x08004130       0x38 ./Core/Src/syscalls.o
                0x08004130                _write
 .text._close   0x08004168       0x18 ./Core/Src/syscalls.o
                0x08004168                _close
 .text._fstat   0x08004180       0x20 ./Core/Src/syscalls.o
                0x08004180                _fstat
 .text._isatty  0x080041a0       0x16 ./Core/Src/syscalls.o
                0x080041a0                _isatty
 .text._lseek   0x080041b6       0x1a ./Core/Src/syscalls.o
                0x080041b6                _lseek
 .text._sbrk    0x080041d0       0x6c ./Core/Src/sysmem.o
                0x080041d0                _sbrk
 .text.SystemInit
                0x0800423c       0x24 ./Core/Src/system_stm32f4xx.o
                0x0800423c                SystemInit
 .text.Reset_Handler
                0x08004260       0x50 ./Core/Startup/startup_stm32f405rgtx.o
                0x08004260                Reset_Handler
 .text.Default_Handler
                0x080042b0        0x2 ./Core/Startup/startup_stm32f405rgtx.o
                0x080042b0                RTC_Alarm_IRQHandler
                0x080042b0                HASH_RNG_IRQHandler
                0x080042b0                TIM8_CC_IRQHandler
                0x080042b0                TIM1_CC_IRQHandler
                0x080042b0                DMA2_Stream5_IRQHandler
                0x080042b0                DMA1_Stream5_IRQHandler
                0x080042b0                PVD_IRQHandler
                0x080042b0                SDIO_IRQHandler
                0x080042b0                TAMP_STAMP_IRQHandler
                0x080042b0                CAN2_RX1_IRQHandler
                0x080042b0                TIM8_TRG_COM_TIM14_IRQHandler
                0x080042b0                TIM1_UP_TIM10_IRQHandler
                0x080042b0                TIM8_UP_TIM13_IRQHandler
                0x080042b0                I2C3_ER_IRQHandler
                0x080042b0                I2C2_EV_IRQHandler
                0x080042b0                DMA1_Stream2_IRQHandler
                0x080042b0                CAN1_RX0_IRQHandler
                0x080042b0                FPU_IRQHandler
                0x080042b0                OTG_HS_WKUP_IRQHandler
                0x080042b0                CAN2_SCE_IRQHandler
                0x080042b0                DMA2_Stream2_IRQHandler
                0x080042b0                TIM6_DAC_IRQHandler
                0x080042b0                TIM1_BRK_TIM9_IRQHandler
                0x080042b0                CAN2_RX0_IRQHandler
                0x080042b0                USART6_IRQHandler
                0x080042b0                USART3_IRQHandler
                0x080042b0                CAN1_RX1_IRQHandler
                0x080042b0                UART5_IRQHandler
                0x080042b0                I2C1_EV_IRQHandler
                0x080042b0                DMA1_Stream6_IRQHandler
                0x080042b0                DMA1_Stream1_IRQHandler
                0x080042b0                UART4_IRQHandler
                0x080042b0                RCC_IRQHandler
                0x080042b0                TIM8_BRK_TIM12_IRQHandler
                0x080042b0                Default_Handler
                0x080042b0                EXTI15_10_IRQHandler
                0x080042b0                ADC_IRQHandler
                0x080042b0                DMA1_Stream7_IRQHandler
                0x080042b0                TIM7_IRQHandler
                0x080042b0                CAN2_TX_IRQHandler
                0x080042b0                TIM5_IRQHandler
                0x080042b0                I2C3_EV_IRQHandler
                0x080042b0                EXTI9_5_IRQHandler
                0x080042b0                RTC_WKUP_IRQHandler
                0x080042b0                OTG_HS_EP1_IN_IRQHandler
                0x080042b0                DMA1_Stream0_IRQHandler
                0x080042b0                CAN1_TX_IRQHandler
                0x080042b0                EXTI4_IRQHandler
                0x080042b0                FSMC_IRQHandler
                0x080042b0                OTG_HS_EP1_OUT_IRQHandler
                0x080042b0                WWDG_IRQHandler
                0x080042b0                OTG_FS_WKUP_IRQHandler
                0x080042b0                TIM1_TRG_COM_TIM11_IRQHandler
                0x080042b0                OTG_HS_IRQHandler
                0x080042b0                EXTI1_IRQHandler
                0x080042b0                USART2_IRQHandler
                0x080042b0                I2C2_ER_IRQHandler
                0x080042b0                DMA2_Stream1_IRQHandler
                0x080042b0                CAN1_SCE_IRQHandler
                0x080042b0                FLASH_IRQHandler
                0x080042b0                DMA2_Stream4_IRQHandler
                0x080042b0                SPI3_IRQHandler
                0x080042b0                I2C1_ER_IRQHandler
                0x080042b0                DMA2_Stream6_IRQHandler
 *fill*         0x080042b2        0x2 
 .text.HAL_Init
                0x080042b4       0x44 ./Drivers/STM32F4xx_HAL_Driver/Src/stm32f4xx_hal.o
                0x080042b4                HAL_Init
 .text.HAL_InitTick
                0x080042f8       0x60 ./Drivers/STM32F4xx_HAL_Driver/Src/stm32f4xx_hal.o
                0x080042f8                HAL_InitTick
 .text.HAL_IncTick
                0x08004358       0x28 ./Drivers/STM32F4xx_HAL_Driver/Src/stm32f4xx_hal.o
                0x08004358                HAL_IncTick
 .text.HAL_GetTick
                0x08004380       0x18 ./Drivers/STM32F4xx_HAL_Driver/Src/stm32f4xx_hal.o
                0x08004380                HAL_GetTick
 .text.HAL_Delay
                0x08004398       0x48 ./Drivers/STM32F4xx_HAL_Driver/Src/stm32f4xx_hal.o
                0x08004398                HAL_Delay
 .text.__NVIC_SetPriorityGrouping
                0x080043e0       0x48 ./Drivers/STM32F4xx_HAL_Driver/Src/stm32f4xx_hal_cortex.o
 .text.__NVIC_GetPriorityGrouping
                0x08004428       0x1c ./Drivers/STM32F4xx_HAL_Driver/Src/stm32f4xx_hal_cortex.o
 .text.__NVIC_EnableIRQ
                0x08004444       0x3c ./Drivers/STM32F4xx_HAL_Driver/Src/stm32f4xx_hal_cortex.o
 .text.__NVIC_SetPriority
                0x08004480       0x54 ./Drivers/STM32F4xx_HAL_Driver/Src/stm32f4xx_hal_cortex.o
 .text.NVIC_EncodePriority
                0x080044d4       0x66 ./Drivers/STM32F4xx_HAL_Driver/Src/stm32f4xx_hal_cortex.o
 *fill*         0x0800453a        0x2 
 .text.SysTick_Config
                0x0800453c       0x44 ./Drivers/STM32F4xx_HAL_Driver/Src/stm32f4xx_hal_cortex.o
 .text.HAL_NVIC_SetPriorityGrouping
                0x08004580       0x16 ./Drivers/STM32F4xx_HAL_Driver/Src/stm32f4xx_hal_cortex.o
                0x08004580                HAL_NVIC_SetPriorityGrouping
 .text.HAL_NVIC_SetPriority
                0x08004596       0x38 ./Drivers/STM32F4xx_HAL_Driver/Src/stm32f4xx_hal_cortex.o
                0x08004596                HAL_NVIC_SetPriority
 .text.HAL_NVIC_EnableIRQ
                0x080045ce       0x1c ./Drivers/STM32F4xx_HAL_Driver/Src/stm32f4xx_hal_cortex.o
                0x080045ce                HAL_NVIC_EnableIRQ
 .text.HAL_SYSTICK_Config
                0x080045ea       0x18 ./Drivers/STM32F4xx_HAL_Driver/Src/stm32f4xx_hal_cortex.o
                0x080045ea                HAL_SYSTICK_Config
 *fill*         0x08004602        0x2 
 .text.HAL_DMA_Init
                0x08004604      0x15c ./Drivers/STM32F4xx_HAL_Driver/Src/stm32f4xx_hal_dma.o
                0x08004604                HAL_DMA_Init
 .text.HAL_DMA_Start_IT
                0x08004760       0xb0 ./Drivers/STM32F4xx_HAL_Driver/Src/stm32f4xx_hal_dma.o
                0x08004760                HAL_DMA_Start_IT
 .text.HAL_DMA_Abort
                0x08004810       0xe0 ./Drivers/STM32F4xx_HAL_Driver/Src/stm32f4xx_hal_dma.o
                0x08004810                HAL_DMA_Abort
 .text.HAL_DMA_Abort_IT
                0x080048f0       0x44 ./Drivers/STM32F4xx_HAL_Driver/Src/stm32f4xx_hal_dma.o
                0x080048f0                HAL_DMA_Abort_IT
 .text.HAL_DMA_IRQHandler
                0x08004934      0x314 ./Drivers/STM32F4xx_HAL_Driver/Src/stm32f4xx_hal_dma.o
                0x08004934                HAL_DMA_IRQHandler
 .text.DMA_SetConfig
                0x08004c48       0x5c ./Drivers/STM32F4xx_HAL_Driver/Src/stm32f4xx_hal_dma.o
 .text.DMA_CalcBaseAndBitshift
                0x08004ca4       0x6c ./Drivers/STM32F4xx_HAL_Driver/Src/stm32f4xx_hal_dma.o
 .text.DMA_CheckFifoParam
                0x08004d10       0xf8 ./Drivers/STM32F4xx_HAL_Driver/Src/stm32f4xx_hal_dma.o
 .text.HAL_GPIO_Init
                0x08004e08      0x338 ./Drivers/STM32F4xx_HAL_Driver/Src/stm32f4xx_hal_gpio.o
                0x08004e08                HAL_GPIO_Init
 .text.HAL_GPIO_WritePin
                0x08005140       0x32 ./Drivers/STM32F4xx_HAL_Driver/Src/stm32f4xx_hal_gpio.o
                0x08005140                HAL_GPIO_WritePin
 *fill*         0x08005172        0x2 
 .text.HAL_GPIO_EXTI_IRQHandler
                0x08005174       0x30 ./Drivers/STM32F4xx_HAL_Driver/Src/stm32f4xx_hal_gpio.o
                0x08005174                HAL_GPIO_EXTI_IRQHandler
 .text.HAL_PCD_Init
                0x080051a4      0x21e ./Drivers/STM32F4xx_HAL_Driver/Src/stm32f4xx_hal_pcd.o
                0x080051a4                HAL_PCD_Init
 .text.HAL_PCD_Start
                0x080053c2       0x6a ./Drivers/STM32F4xx_HAL_Driver/Src/stm32f4xx_hal_pcd.o
                0x080053c2                HAL_PCD_Start
 .text.HAL_PCD_IRQHandler
                0x0800542c      0x942 ./Drivers/STM32F4xx_HAL_Driver/Src/stm32f4xx_hal_pcd.o
                0x0800542c                HAL_PCD_IRQHandler
 .text.HAL_PCD_SetAddress
                0x08005d6e       0x48 ./Drivers/STM32F4xx_HAL_Driver/Src/stm32f4xx_hal_pcd.o
                0x08005d6e                HAL_PCD_SetAddress
 .text.HAL_PCD_EP_Open
                0x08005db6       0xd4 ./Drivers/STM32F4xx_HAL_Driver/Src/stm32f4xx_hal_pcd.o
                0x08005db6                HAL_PCD_EP_Open
 .text.HAL_PCD_EP_Close
                0x08005e8a       0x94 ./Drivers/STM32F4xx_HAL_Driver/Src/stm32f4xx_hal_pcd.o
                0x08005e8a                HAL_PCD_EP_Close
 .text.HAL_PCD_EP_Receive
                0x08005f1e       0x76 ./Drivers/STM32F4xx_HAL_Driver/Src/stm32f4xx_hal_pcd.o
                0x08005f1e                HAL_PCD_EP_Receive
 .text.HAL_PCD_EP_GetRxCount
                0x08005f94       0x30 ./Drivers/STM32F4xx_HAL_Driver/Src/stm32f4xx_hal_pcd.o
                0x08005f94                HAL_PCD_EP_GetRxCount
 .text.HAL_PCD_EP_Transmit
                0x08005fc4       0x74 ./Drivers/STM32F4xx_HAL_Driver/Src/stm32f4xx_hal_pcd.o
                0x08005fc4                HAL_PCD_EP_Transmit
 .text.HAL_PCD_EP_SetStall
                0x08006038       0xc6 ./Drivers/STM32F4xx_HAL_Driver/Src/stm32f4xx_hal_pcd.o
                0x08006038                HAL_PCD_EP_SetStall
 .text.HAL_PCD_EP_ClrStall
                0x080060fe       0xac ./Drivers/STM32F4xx_HAL_Driver/Src/stm32f4xx_hal_pcd.o
                0x080060fe                HAL_PCD_EP_ClrStall
 .text.HAL_PCD_EP_Abort
                0x080061aa       0x62 ./Drivers/STM32F4xx_HAL_Driver/Src/stm32f4xx_hal_pcd.o
                0x080061aa                HAL_PCD_EP_Abort
 .text.PCD_WriteEmptyTxFifo
                0x0800620c      0x118 ./Drivers/STM32F4xx_HAL_Driver/Src/stm32f4xx_hal_pcd.o
 .text.PCD_EP_OutXfrComplete_int
                0x08006324      0x1d0 ./Drivers/STM32F4xx_HAL_Driver/Src/stm32f4xx_hal_pcd.o
 .text.PCD_EP_OutSetupPacket_int
                0x080064f4       0x8c ./Drivers/STM32F4xx_HAL_Driver/Src/stm32f4xx_hal_pcd.o
 .text.HAL_PCDEx_SetTxFiFo
                0x08006580       0x8e ./Drivers/STM32F4xx_HAL_Driver/Src/stm32f4xx_hal_pcd_ex.o
                0x08006580                HAL_PCDEx_SetTxFiFo
 .text.HAL_PCDEx_SetRxFiFo
                0x0800660e       0x22 ./Drivers/STM32F4xx_HAL_Driver/Src/stm32f4xx_hal_pcd_ex.o
                0x0800660e                HAL_PCDEx_SetRxFiFo
 .text.HAL_PCDEx_LPM_Callback
                0x08006630       0x18 ./Drivers/STM32F4xx_HAL_Driver/Src/stm32f4xx_hal_pcd_ex.o
                0x08006630                HAL_PCDEx_LPM_Callback
 .text.HAL_RCC_OscConfig
                0x08006648      0x4f0 ./Drivers/STM32F4xx_HAL_Driver/Src/stm32f4xx_hal_rcc.o
                0x08006648                HAL_RCC_OscConfig
 .text.HAL_RCC_ClockConfig
                0x08006b38      0x1cc ./Drivers/STM32F4xx_HAL_Driver/Src/stm32f4xx_hal_rcc.o
                0x08006b38                HAL_RCC_ClockConfig
 .text.HAL_RCC_GetSysClockFreq
                0x08006d04      0x208 ./Drivers/STM32F4xx_HAL_Driver/Src/stm32f4xx_hal_rcc.o
                0x08006d04                HAL_RCC_GetSysClockFreq
 .text.HAL_RCC_GetHCLKFreq
                0x08006f0c       0x18 ./Drivers/STM32F4xx_HAL_Driver/Src/stm32f4xx_hal_rcc.o
                0x08006f0c                HAL_RCC_GetHCLKFreq
 .text.HAL_RCC_GetPCLK1Freq
                0x08006f24       0x28 ./Drivers/STM32F4xx_HAL_Driver/Src/stm32f4xx_hal_rcc.o
                0x08006f24                HAL_RCC_GetPCLK1Freq
 .text.HAL_RCC_GetPCLK2Freq
                0x08006f4c       0x28 ./Drivers/STM32F4xx_HAL_Driver/Src/stm32f4xx_hal_rcc.o
                0x08006f4c                HAL_RCC_GetPCLK2Freq
 .text.HAL_SPI_Init
                0x08006f74      0x112 ./Drivers/STM32F4xx_HAL_Driver/Src/stm32f4xx_hal_spi.o
                0x08006f74                HAL_SPI_Init
 .text.HAL_SPI_Transmit
                0x08007086      0x288 ./Drivers/STM32F4xx_HAL_Driver/Src/stm32f4xx_hal_spi.o
                0x08007086                HAL_SPI_Transmit
 .text.HAL_SPI_TransmitReceive
                0x0800730e      0x352 ./Drivers/STM32F4xx_HAL_Driver/Src/stm32f4xx_hal_spi.o
                0x0800730e                HAL_SPI_TransmitReceive
 .text.HAL_SPI_TransmitReceive_DMA
                0x08007660      0x1f8 ./Drivers/STM32F4xx_HAL_Driver/Src/stm32f4xx_hal_spi.o
                0x08007660                HAL_SPI_TransmitReceive_DMA
 .text.HAL_SPI_IRQHandler
                0x08007858      0x1e8 ./Drivers/STM32F4xx_HAL_Driver/Src/stm32f4xx_hal_spi.o
                0x08007858                HAL_SPI_IRQHandler
 .text.HAL_SPI_RxCpltCallback
                0x08007a40       0x14 ./Drivers/STM32F4xx_HAL_Driver/Src/stm32f4xx_hal_spi.o
                0x08007a40                HAL_SPI_RxCpltCallback
 .text.HAL_SPI_RxHalfCpltCallback
                0x08007a54       0x14 ./Drivers/STM32F4xx_HAL_Driver/Src/stm32f4xx_hal_spi.o
                0x08007a54                HAL_SPI_RxHalfCpltCallback
 .text.HAL_SPI_TxRxHalfCpltCallback
                0x08007a68       0x14 ./Drivers/STM32F4xx_HAL_Driver/Src/stm32f4xx_hal_spi.o
                0x08007a68                HAL_SPI_TxRxHalfCpltCallback
 .text.HAL_SPI_ErrorCallback
                0x08007a7c       0x14 ./Drivers/STM32F4xx_HAL_Driver/Src/stm32f4xx_hal_spi.o
                0x08007a7c                HAL_SPI_ErrorCallback
 .text.HAL_SPI_GetState
                0x08007a90       0x1c ./Drivers/STM32F4xx_HAL_Driver/Src/stm32f4xx_hal_spi.o
                0x08007a90                HAL_SPI_GetState
 .text.SPI_DMAReceiveCplt
                0x08007aac       0xa8 ./Drivers/STM32F4xx_HAL_Driver/Src/stm32f4xx_hal_spi.o
 .text.SPI_DMATransmitReceiveCplt
                0x08007b54       0x90 ./Drivers/STM32F4xx_HAL_Driver/Src/stm32f4xx_hal_spi.o
 .text.SPI_DMAHalfReceiveCplt
                0x08007be4       0x1c ./Drivers/STM32F4xx_HAL_Driver/Src/stm32f4xx_hal_spi.o
 .text.SPI_DMAHalfTransmitReceiveCplt
                0x08007c00       0x1c ./Drivers/STM32F4xx_HAL_Driver/Src/stm32f4xx_hal_spi.o
 .text.SPI_DMAError
                0x08007c1c       0x40 ./Drivers/STM32F4xx_HAL_Driver/Src/stm32f4xx_hal_spi.o
 .text.SPI_DMAAbortOnError
                0x08007c5c       0x28 ./Drivers/STM32F4xx_HAL_Driver/Src/stm32f4xx_hal_spi.o
 .text.SPI_WaitFlagStateUntilTimeout
                0x08007c84      0x110 ./Drivers/STM32F4xx_HAL_Driver/Src/stm32f4xx_hal_spi.o
 .text.SPI_EndRxTransaction
                0x08007d94       0xca ./Drivers/STM32F4xx_HAL_Driver/Src/stm32f4xx_hal_spi.o
 *fill*         0x08007e5e        0x2 
 .text.SPI_EndRxTxTransaction
                0x08007e60       0xa8 ./Drivers/STM32F4xx_HAL_Driver/Src/stm32f4xx_hal_spi.o
 .text.HAL_TIM_Base_Init
                0x08007f08       0x9e ./Drivers/STM32F4xx_HAL_Driver/Src/stm32f4xx_hal_tim.o
                0x08007f08                HAL_TIM_Base_Init
 *fill*         0x08007fa6        0x2 
 .text.HAL_TIM_Base_Start
                0x08007fa8       0xd0 ./Drivers/STM32F4xx_HAL_Driver/Src/stm32f4xx_hal_tim.o
                0x08007fa8                HAL_TIM_Base_Start
 .text.HAL_TIM_Base_Start_IT
                0x08008078       0xe0 ./Drivers/STM32F4xx_HAL_Driver/Src/stm32f4xx_hal_tim.o
                0x08008078                HAL_TIM_Base_Start_IT
 .text.HAL_TIM_OC_Init
                0x08008158       0x9e ./Drivers/STM32F4xx_HAL_Driver/Src/stm32f4xx_hal_tim.o
                0x08008158                HAL_TIM_OC_Init
 .text.HAL_TIM_OC_MspInit
                0x080081f6       0x14 ./Drivers/STM32F4xx_HAL_Driver/Src/stm32f4xx_hal_tim.o
                0x080081f6                HAL_TIM_OC_MspInit
 *fill*         0x0800820a        0x2 
 .text.HAL_TIM_OC_Start
                0x0800820c      0x190 ./Drivers/STM32F4xx_HAL_Driver/Src/stm32f4xx_hal_tim.o
                0x0800820c                HAL_TIM_OC_Start
 .text.HAL_TIM_IRQHandler
                0x0800839c      0x1e0 ./Drivers/STM32F4xx_HAL_Driver/Src/stm32f4xx_hal_tim.o
                0x0800839c                HAL_TIM_IRQHandler
 .text.HAL_TIM_OC_ConfigChannel
                0x0800857c       0xb8 ./Drivers/STM32F4xx_HAL_Driver/Src/stm32f4xx_hal_tim.o
                0x0800857c                HAL_TIM_OC_ConfigChannel
 .text.HAL_TIM_ConfigClockSource
                0x08008634      0x18e ./Drivers/STM32F4xx_HAL_Driver/Src/stm32f4xx_hal_tim.o
                0x08008634                HAL_TIM_ConfigClockSource
 .text.HAL_TIM_OC_DelayElapsedCallback
                0x080087c2       0x14 ./Drivers/STM32F4xx_HAL_Driver/Src/stm32f4xx_hal_tim.o
                0x080087c2                HAL_TIM_OC_DelayElapsedCallback
 .text.HAL_TIM_IC_CaptureCallback
                0x080087d6       0x14 ./Drivers/STM32F4xx_HAL_Driver/Src/stm32f4xx_hal_tim.o
                0x080087d6                HAL_TIM_IC_CaptureCallback
 .text.HAL_TIM_PWM_PulseFinishedCallback
                0x080087ea       0x14 ./Drivers/STM32F4xx_HAL_Driver/Src/stm32f4xx_hal_tim.o
                0x080087ea                HAL_TIM_PWM_PulseFinishedCallback
 .text.HAL_TIM_TriggerCallback
                0x080087fe       0x14 ./Drivers/STM32F4xx_HAL_Driver/Src/stm32f4xx_hal_tim.o
                0x080087fe                HAL_TIM_TriggerCallback
 *fill*         0x08008812        0x2 
 .text.TIM_Base_SetConfig
                0x08008814      0x158 ./Drivers/STM32F4xx_HAL_Driver/Src/stm32f4xx_hal_tim.o
                0x08008814                TIM_Base_SetConfig
 .text.TIM_OC1_SetConfig
                0x0800896c       0xe0 ./Drivers/STM32F4xx_HAL_Driver/Src/stm32f4xx_hal_tim.o
 .text.TIM_OC2_SetConfig
                0x08008a4c       0xec ./Drivers/STM32F4xx_HAL_Driver/Src/stm32f4xx_hal_tim.o
                0x08008a4c                TIM_OC2_SetConfig
 .text.TIM_OC3_SetConfig
                0x08008b38       0xe8 ./Drivers/STM32F4xx_HAL_Driver/Src/stm32f4xx_hal_tim.o
 .text.TIM_OC4_SetConfig
                0x08008c20       0xac ./Drivers/STM32F4xx_HAL_Driver/Src/stm32f4xx_hal_tim.o
 .text.TIM_TI1_ConfigInputStage
                0x08008ccc       0x5e ./Drivers/STM32F4xx_HAL_Driver/Src/stm32f4xx_hal_tim.o
 .text.TIM_TI2_ConfigInputStage
                0x08008d2a       0x60 ./Drivers/STM32F4xx_HAL_Driver/Src/stm32f4xx_hal_tim.o
 .text.TIM_ITRx_SetConfig
                0x08008d8a       0x36 ./Drivers/STM32F4xx_HAL_Driver/Src/stm32f4xx_hal_tim.o
 .text.TIM_ETR_SetConfig
                0x08008dc0       0x40 ./Drivers/STM32F4xx_HAL_Driver/Src/stm32f4xx_hal_tim.o
                0x08008dc0                TIM_ETR_SetConfig
 .text.TIM_CCxChannelCmd
                0x08008e00       0x4a ./Drivers/STM32F4xx_HAL_Driver/Src/stm32f4xx_hal_tim.o
                0x08008e00                TIM_CCxChannelCmd
 *fill*         0x08008e4a        0x2 
 .text.HAL_TIMEx_MasterConfigSynchronization
                0x08008e4c       0xf8 ./Drivers/STM32F4xx_HAL_Driver/Src/stm32f4xx_hal_tim_ex.o
                0x08008e4c                HAL_TIMEx_MasterConfigSynchronization
 .text.HAL_TIMEx_CommutCallback
                0x08008f44       0x14 ./Drivers/STM32F4xx_HAL_Driver/Src/stm32f4xx_hal_tim_ex.o
                0x08008f44                HAL_TIMEx_CommutCallback
 .text.HAL_TIMEx_BreakCallback
                0x08008f58       0x14 ./Drivers/STM32F4xx_HAL_Driver/Src/stm32f4xx_hal_tim_ex.o
                0x08008f58                HAL_TIMEx_BreakCallback
 .text.HAL_UART_Init
                0x08008f6c       0xa0 ./Drivers/STM32F4xx_HAL_Driver/Src/stm32f4xx_hal_uart.o
                0x08008f6c                HAL_UART_Init
 .text.HAL_UART_Receive_IT
                0x0800900c       0x4a ./Drivers/STM32F4xx_HAL_Driver/Src/stm32f4xx_hal_uart.o
                0x0800900c                HAL_UART_Receive_IT
 *fill*         0x08009056        0x2 
 .text.HAL_UART_Transmit_DMA
                0x08009058       0xe0 ./Drivers/STM32F4xx_HAL_Driver/Src/stm32f4xx_hal_uart.o
                0x08009058                HAL_UART_Transmit_DMA
 .text.HAL_UART_IRQHandler
                0x08009138      0x524 ./Drivers/STM32F4xx_HAL_Driver/Src/stm32f4xx_hal_uart.o
                0x08009138                HAL_UART_IRQHandler
 .text.HAL_UART_TxCpltCallback
                0x0800965c       0x14 ./Drivers/STM32F4xx_HAL_Driver/Src/stm32f4xx_hal_uart.o
                0x0800965c                HAL_UART_TxCpltCallback
 .text.HAL_UART_TxHalfCpltCallback
                0x08009670       0x14 ./Drivers/STM32F4xx_HAL_Driver/Src/stm32f4xx_hal_uart.o
                0x08009670                HAL_UART_TxHalfCpltCallback
 .text.HAL_UART_ErrorCallback
                0x08009684       0x14 ./Drivers/STM32F4xx_HAL_Driver/Src/stm32f4xx_hal_uart.o
                0x08009684                HAL_UART_ErrorCallback
 .text.HAL_UARTEx_RxEventCallback
                0x08009698       0x18 ./Drivers/STM32F4xx_HAL_Driver/Src/stm32f4xx_hal_uart.o
                0x08009698                HAL_UARTEx_RxEventCallback
 .text.UART_DMATransmitCplt
                0x080096b0       0x9a ./Drivers/STM32F4xx_HAL_Driver/Src/stm32f4xx_hal_uart.o
 .text.UART_DMATxHalfCplt
                0x0800974a       0x1c ./Drivers/STM32F4xx_HAL_Driver/Src/stm32f4xx_hal_uart.o
 .text.UART_DMAError
                0x08009766       0x94 ./Drivers/STM32F4xx_HAL_Driver/Src/stm32f4xx_hal_uart.o
 .text.UART_Start_Receive_IT
                0x080097fa       0x74 ./Drivers/STM32F4xx_HAL_Driver/Src/stm32f4xx_hal_uart.o
                0x080097fa                UART_Start_Receive_IT
 .text.UART_EndTxTransfer
                0x0800986e       0x50 ./Drivers/STM32F4xx_HAL_Driver/Src/stm32f4xx_hal_uart.o
 .text.UART_EndRxTransfer
                0x080098be       0xc6 ./Drivers/STM32F4xx_HAL_Driver/Src/stm32f4xx_hal_uart.o
 .text.UART_DMAAbortOnError
                0x08009984       0x28 ./Drivers/STM32F4xx_HAL_Driver/Src/stm32f4xx_hal_uart.o
 .text.UART_Transmit_IT
                0x080099ac       0xa0 ./Drivers/STM32F4xx_HAL_Driver/Src/stm32f4xx_hal_uart.o
 .text.UART_EndTransmit_IT
                0x08009a4c       0x30 ./Drivers/STM32F4xx_HAL_Driver/Src/stm32f4xx_hal_uart.o
 .text.UART_Receive_IT
                0x08009a7c      0x17c ./Drivers/STM32F4xx_HAL_Driver/Src/stm32f4xx_hal_uart.o
 .text.UART_SetConfig
                0x08009bf8      0x4e8 ./Drivers/STM32F4xx_HAL_Driver/Src/stm32f4xx_hal_uart.o
 .text.USB_CoreInit
                0x0800a0e0       0xc8 ./Drivers/STM32F4xx_HAL_Driver/Src/stm32f4xx_ll_usb.o
                0x0800a0e0                USB_CoreInit
 .text.USB_SetTurnaroundTime
                0x0800a1a8      0x144 ./Drivers/STM32F4xx_HAL_Driver/Src/stm32f4xx_ll_usb.o
                0x0800a1a8                USB_SetTurnaroundTime
 .text.USB_EnableGlobalInt
                0x0800a2ec       0x22 ./Drivers/STM32F4xx_HAL_Driver/Src/stm32f4xx_ll_usb.o
                0x0800a2ec                USB_EnableGlobalInt
 .text.USB_DisableGlobalInt
                0x0800a30e       0x22 ./Drivers/STM32F4xx_HAL_Driver/Src/stm32f4xx_ll_usb.o
                0x0800a30e                USB_DisableGlobalInt
 .text.USB_SetCurrentMode
                0x0800a330       0x98 ./Drivers/STM32F4xx_HAL_Driver/Src/stm32f4xx_ll_usb.o
                0x0800a330                USB_SetCurrentMode
 .text.USB_DevInit
                0x0800a3c8      0x2c8 ./Drivers/STM32F4xx_HAL_Driver/Src/stm32f4xx_ll_usb.o
                0x0800a3c8                USB_DevInit
 .text.USB_FlushTxFifo
                0x0800a690       0x64 ./Drivers/STM32F4xx_HAL_Driver/Src/stm32f4xx_ll_usb.o
                0x0800a690                USB_FlushTxFifo
 .text.USB_FlushRxFifo
                0x0800a6f4       0x5c ./Drivers/STM32F4xx_HAL_Driver/Src/stm32f4xx_ll_usb.o
                0x0800a6f4                USB_FlushRxFifo
 .text.USB_SetDevSpeed
                0x0800a750       0x32 ./Drivers/STM32F4xx_HAL_Driver/Src/stm32f4xx_ll_usb.o
                0x0800a750                USB_SetDevSpeed
 .text.USB_GetDevSpeed
                0x0800a782       0x4a ./Drivers/STM32F4xx_HAL_Driver/Src/stm32f4xx_ll_usb.o
                0x0800a782                USB_GetDevSpeed
 .text.USB_ActivateEndpoint
                0x0800a7cc      0x10e ./Drivers/STM32F4xx_HAL_Driver/Src/stm32f4xx_ll_usb.o
                0x0800a7cc                USB_ActivateEndpoint
 *fill*         0x0800a8da        0x2 
 .text.USB_DeactivateEndpoint
                0x0800a8dc      0x1b8 ./Drivers/STM32F4xx_HAL_Driver/Src/stm32f4xx_ll_usb.o
                0x0800a8dc                USB_DeactivateEndpoint
 .text.USB_EPStartXfer
                0x0800aa94      0x53c ./Drivers/STM32F4xx_HAL_Driver/Src/stm32f4xx_ll_usb.o
                0x0800aa94                USB_EPStartXfer
 .text.USB_EPStopXfer
                0x0800afd0      0x154 ./Drivers/STM32F4xx_HAL_Driver/Src/stm32f4xx_ll_usb.o
                0x0800afd0                USB_EPStopXfer
 .text.USB_WritePacket
                0x0800b124       0x7c ./Drivers/STM32F4xx_HAL_Driver/Src/stm32f4xx_ll_usb.o
                0x0800b124                USB_WritePacket
 .text.USB_ReadPacket
                0x0800b1a0       0xb0 ./Drivers/STM32F4xx_HAL_Driver/Src/stm32f4xx_ll_usb.o
                0x0800b1a0                USB_ReadPacket
 .text.USB_EPSetStall
                0x0800b250       0xdc ./Drivers/STM32F4xx_HAL_Driver/Src/stm32f4xx_ll_usb.o
                0x0800b250                USB_EPSetStall
 .text.USB_EPClearStall
                0x0800b32c       0xcc ./Drivers/STM32F4xx_HAL_Driver/Src/stm32f4xx_ll_usb.o
                0x0800b32c                USB_EPClearStall
 .text.USB_SetDevAddress
                0x0800b3f8       0x4c ./Drivers/STM32F4xx_HAL_Driver/Src/stm32f4xx_ll_usb.o
                0x0800b3f8                USB_SetDevAddress
 .text.USB_DevConnect
                0x0800b444       0x42 ./Drivers/STM32F4xx_HAL_Driver/Src/stm32f4xx_ll_usb.o
                0x0800b444                USB_DevConnect
 .text.USB_DevDisconnect
                0x0800b486       0x42 ./Drivers/STM32F4xx_HAL_Driver/Src/stm32f4xx_ll_usb.o
                0x0800b486                USB_DevDisconnect
 .text.USB_ReadInterrupts
                0x0800b4c8       0x26 ./Drivers/STM32F4xx_HAL_Driver/Src/stm32f4xx_ll_usb.o
                0x0800b4c8                USB_ReadInterrupts
 .text.USB_ReadDevAllOutEpInterrupt
                0x0800b4ee       0x34 ./Drivers/STM32F4xx_HAL_Driver/Src/stm32f4xx_ll_usb.o
                0x0800b4ee                USB_ReadDevAllOutEpInterrupt
 .text.USB_ReadDevAllInEpInterrupt
                0x0800b522       0x34 ./Drivers/STM32F4xx_HAL_Driver/Src/stm32f4xx_ll_usb.o
                0x0800b522                USB_ReadDevAllInEpInterrupt
 .text.USB_ReadDevOutEPInterrupt
                0x0800b556       0x3c ./Drivers/STM32F4xx_HAL_Driver/Src/stm32f4xx_ll_usb.o
                0x0800b556                USB_ReadDevOutEPInterrupt
 .text.USB_ReadDevInEPInterrupt
                0x0800b592       0x5c ./Drivers/STM32F4xx_HAL_Driver/Src/stm32f4xx_ll_usb.o
                0x0800b592                USB_ReadDevInEPInterrupt
 .text.USB_GetMode
                0x0800b5ee       0x1c ./Drivers/STM32F4xx_HAL_Driver/Src/stm32f4xx_ll_usb.o
                0x0800b5ee                USB_GetMode
 .text.USB_ActivateSetup
                0x0800b60a       0x46 ./Drivers/STM32F4xx_HAL_Driver/Src/stm32f4xx_ll_usb.o
                0x0800b60a                USB_ActivateSetup
 .text.USB_EP0_OutStart
                0x0800b650       0xbc ./Drivers/STM32F4xx_HAL_Driver/Src/stm32f4xx_ll_usb.o
                0x0800b650                USB_EP0_OutStart
 .text.USB_CoreReset
                0x0800b70c       0x62 ./Drivers/STM32F4xx_HAL_Driver/Src/stm32f4xx_ll_usb.o
 *fill*         0x0800b76e        0x2 
 .text.USBD_CDC_Init
                0x0800b770      0x1f0 ./Middlewares/ST/STM32_USB_Device_Library/Class/CDC/Src/usbd_cdc.o
 .text.USBD_CDC_DeInit
                0x0800b960      0x104 ./Middlewares/ST/STM32_USB_Device_Library/Class/CDC/Src/usbd_cdc.o
 .text.USBD_CDC_Setup
                0x0800ba64      0x1b8 ./Middlewares/ST/STM32_USB_Device_Library/Class/CDC/Src/usbd_cdc.o
 .text.USBD_CDC_DataIn
                0x0800bc1c       0xfe ./Middlewares/ST/STM32_USB_Device_Library/Class/CDC/Src/usbd_cdc.o
 .text.USBD_CDC_DataOut
                0x0800bd1a       0x70 ./Middlewares/ST/STM32_USB_Device_Library/Class/CDC/Src/usbd_cdc.o
 .text.USBD_CDC_EP0_RxReady
                0x0800bd8a       0x74 ./Middlewares/ST/STM32_USB_Device_Library/Class/CDC/Src/usbd_cdc.o
 *fill*         0x0800bdfe        0x2 
 .text.USBD_CDC_GetFSCfgDesc
                0x0800be00       0x70 ./Middlewares/ST/STM32_USB_Device_Library/Class/CDC/Src/usbd_cdc.o
 .text.USBD_CDC_GetHSCfgDesc
                0x0800be70       0x70 ./Middlewares/ST/STM32_USB_Device_Library/Class/CDC/Src/usbd_cdc.o
 .text.USBD_CDC_GetOtherSpeedCfgDesc
                0x0800bee0       0x70 ./Middlewares/ST/STM32_USB_Device_Library/Class/CDC/Src/usbd_cdc.o
 .text.USBD_CDC_GetDeviceQualifierDescriptor
                0x0800bf50       0x20 ./Middlewares/ST/STM32_USB_Device_Library/Class/CDC/Src/usbd_cdc.o
                0x0800bf50                USBD_CDC_GetDeviceQualifierDescriptor
 .text.USBD_CDC_RegisterInterface
                0x0800bf70       0x34 ./Middlewares/ST/STM32_USB_Device_Library/Class/CDC/Src/usbd_cdc.o
                0x0800bf70                USBD_CDC_RegisterInterface
 .text.USBD_CDC_SetTxBuffer
                0x0800bfa4       0x44 ./Middlewares/ST/STM32_USB_Device_Library/Class/CDC/Src/usbd_cdc.o
                0x0800bfa4                USBD_CDC_SetTxBuffer
 .text.USBD_CDC_SetRxBuffer
                0x0800bfe8       0x3a ./Middlewares/ST/STM32_USB_Device_Library/Class/CDC/Src/usbd_cdc.o
                0x0800bfe8                USBD_CDC_SetRxBuffer
 *fill*         0x0800c022        0x2 
 .text.USBD_CDC_TransmitPacket
                0x0800c024       0x80 ./Middlewares/ST/STM32_USB_Device_Library/Class/CDC/Src/usbd_cdc.o
                0x0800c024                USBD_CDC_TransmitPacket
 .text.USBD_CDC_ReceivePacket
                0x0800c0a4       0x6c ./Middlewares/ST/STM32_USB_Device_Library/Class/CDC/Src/usbd_cdc.o
                0x0800c0a4                USBD_CDC_ReceivePacket
 .text.USBD_Init
                0x0800c110       0x60 ./Middlewares/ST/STM32_USB_Device_Library/Core/Src/usbd_core.o
                0x0800c110                USBD_Init
 .text.USBD_RegisterClass
                0x0800c170       0x6c ./Middlewares/ST/STM32_USB_Device_Library/Core/Src/usbd_core.o
                0x0800c170                USBD_RegisterClass
 .text.USBD_Start
                0x0800c1dc       0x18 ./Middlewares/ST/STM32_USB_Device_Library/Core/Src/usbd_core.o
                0x0800c1dc                USBD_Start
 .text.USBD_RunTestMode
                0x0800c1f4       0x16 ./Middlewares/ST/STM32_USB_Device_Library/Core/Src/usbd_core.o
                0x0800c1f4                USBD_RunTestMode
 .text.USBD_SetClassConfig
                0x0800c20a       0x38 ./Middlewares/ST/STM32_USB_Device_Library/Core/Src/usbd_core.o
                0x0800c20a                USBD_SetClassConfig
 .text.USBD_ClrClassConfig
                0x0800c242       0x34 ./Middlewares/ST/STM32_USB_Device_Library/Core/Src/usbd_core.o
                0x0800c242                USBD_ClrClassConfig
 .text.USBD_LL_SetupStage
                0x0800c276       0xaa ./Middlewares/ST/STM32_USB_Device_Library/Core/Src/usbd_core.o
                0x0800c276                USBD_LL_SetupStage
 .text.USBD_LL_DataOutStage
                0x0800c320      0x166 ./Middlewares/ST/STM32_USB_Device_Library/Core/Src/usbd_core.o
                0x0800c320                USBD_LL_DataOutStage
 .text.USBD_LL_DataInStage
                0x0800c486      0x164 ./Middlewares/ST/STM32_USB_Device_Library/Core/Src/usbd_core.o
                0x0800c486                USBD_LL_DataInStage
 .text.USBD_LL_Reset
                0x0800c5ea       0xa4 ./Middlewares/ST/STM32_USB_Device_Library/Core/Src/usbd_core.o
                0x0800c5ea                USBD_LL_Reset
 .text.USBD_LL_SetSpeed
                0x0800c68e       0x20 ./Middlewares/ST/STM32_USB_Device_Library/Core/Src/usbd_core.o
                0x0800c68e                USBD_LL_SetSpeed
 .text.USBD_LL_Suspend
                0x0800c6ae       0x38 ./Middlewares/ST/STM32_USB_Device_Library/Core/Src/usbd_core.o
                0x0800c6ae                USBD_LL_Suspend
 .text.USBD_LL_Resume
                0x0800c6e6       0x30 ./Middlewares/ST/STM32_USB_Device_Library/Core/Src/usbd_core.o
                0x0800c6e6                USBD_LL_Resume
 .text.USBD_LL_SOF
                0x0800c716       0x40 ./Middlewares/ST/STM32_USB_Device_Library/Core/Src/usbd_core.o
                0x0800c716                USBD_LL_SOF
 .text.USBD_LL_IsoINIncomplete
                0x0800c756       0x64 ./Middlewares/ST/STM32_USB_Device_Library/Core/Src/usbd_core.o
                0x0800c756                USBD_LL_IsoINIncomplete
 .text.USBD_LL_IsoOUTIncomplete
                0x0800c7ba       0x64 ./Middlewares/ST/STM32_USB_Device_Library/Core/Src/usbd_core.o
                0x0800c7ba                USBD_LL_IsoOUTIncomplete
 .text.USBD_LL_DevConnected
                0x0800c81e       0x16 ./Middlewares/ST/STM32_USB_Device_Library/Core/Src/usbd_core.o
                0x0800c81e                USBD_LL_DevConnected
 .text.USBD_LL_DevDisconnected
                0x0800c834       0x46 ./Middlewares/ST/STM32_USB_Device_Library/Core/Src/usbd_core.o
                0x0800c834                USBD_LL_DevDisconnected
 .text.USBD_CoreFindIF
                0x0800c87a       0x1a ./Middlewares/ST/STM32_USB_Device_Library/Core/Src/usbd_core.o
                0x0800c87a                USBD_CoreFindIF
 .text.USBD_CoreFindEP
                0x0800c894       0x1a ./Middlewares/ST/STM32_USB_Device_Library/Core/Src/usbd_core.o
                0x0800c894                USBD_CoreFindEP
 .text.USBD_GetEpDesc
                0x0800c8ae       0x70 ./Middlewares/ST/STM32_USB_Device_Library/Core/Src/usbd_core.o
                0x0800c8ae                USBD_GetEpDesc
 .text.USBD_GetNextDesc
                0x0800c91e       0x38 ./Middlewares/ST/STM32_USB_Device_Library/Core/Src/usbd_core.o
                0x0800c91e                USBD_GetNextDesc
 .text.SWAPBYTE
                0x0800c956       0x3c ./Middlewares/ST/STM32_USB_Device_Library/Core/Src/usbd_ctlreq.o
 *fill*         0x0800c992        0x2 
 .text.USBD_StdDevReq
                0x0800c994       0xe4 ./Middlewares/ST/STM32_USB_Device_Library/Core/Src/usbd_ctlreq.o
                0x0800c994                USBD_StdDevReq
 .text.USBD_StdItfReq
                0x0800ca78       0xd8 ./Middlewares/ST/STM32_USB_Device_Library/Core/Src/usbd_ctlreq.o
                0x0800ca78                USBD_StdItfReq
 .text.USBD_StdEPReq
                0x0800cb50      0x33a ./Middlewares/ST/STM32_USB_Device_Library/Core/Src/usbd_ctlreq.o
                0x0800cb50                USBD_StdEPReq
 *fill*         0x0800ce8a        0x2 
 .text.USBD_GetDescriptor
                0x0800ce8c      0x2d4 ./Middlewares/ST/STM32_USB_Device_Library/Core/Src/usbd_ctlreq.o
 .text.USBD_SetAddress
                0x0800d160       0x88 ./Middlewares/ST/STM32_USB_Device_Library/Core/Src/usbd_ctlreq.o
 .text.USBD_SetConfig
                0x0800d1e8      0x154 ./Middlewares/ST/STM32_USB_Device_Library/Core/Src/usbd_ctlreq.o
 .text.USBD_GetConfig
                0x0800d33c       0x6c ./Middlewares/ST/STM32_USB_Device_Library/Core/Src/usbd_ctlreq.o
 .text.USBD_GetStatus
                0x0800d3a8       0x68 ./Middlewares/ST/STM32_USB_Device_Library/Core/Src/usbd_ctlreq.o
 .text.USBD_SetFeature
                0x0800d410       0x52 ./Middlewares/ST/STM32_USB_Device_Library/Core/Src/usbd_ctlreq.o
 .text.USBD_ClrFeature
                0x0800d462       0x44 ./Middlewares/ST/STM32_USB_Device_Library/Core/Src/usbd_ctlreq.o
 .text.USBD_ParseSetupRequest
                0x0800d4a6       0x74 ./Middlewares/ST/STM32_USB_Device_Library/Core/Src/usbd_ctlreq.o
                0x0800d4a6                USBD_ParseSetupRequest
 .text.USBD_CtlError
                0x0800d51a       0x22 ./Middlewares/ST/STM32_USB_Device_Library/Core/Src/usbd_ctlreq.o
                0x0800d51a                USBD_CtlError
 .text.USBD_GetString
                0x0800d53c       0xa4 ./Middlewares/ST/STM32_USB_Device_Library/Core/Src/usbd_ctlreq.o
                0x0800d53c                USBD_GetString
 .text.USBD_GetLen
                0x0800d5e0       0x34 ./Middlewares/ST/STM32_USB_Device_Library/Core/Src/usbd_ctlreq.o
 .text.USBD_CtlSendData
                0x0800d614       0x36 ./Middlewares/ST/STM32_USB_Device_Library/Core/Src/usbd_ioreq.o
                0x0800d614                USBD_CtlSendData
 .text.USBD_CtlContinueSendData
                0x0800d64a       0x22 ./Middlewares/ST/STM32_USB_Device_Library/Core/Src/usbd_ioreq.o
                0x0800d64a                USBD_CtlContinueSendData
 .text.USBD_CtlPrepareRx
                0x0800d66c       0x3a ./Middlewares/ST/STM32_USB_Device_Library/Core/Src/usbd_ioreq.o
                0x0800d66c                USBD_CtlPrepareRx
 .text.USBD_CtlContinueRx
                0x0800d6a6       0x22 ./Middlewares/ST/STM32_USB_Device_Library/Core/Src/usbd_ioreq.o
                0x0800d6a6                USBD_CtlContinueRx
 .text.USBD_CtlSendStatus
                0x0800d6c8       0x26 ./Middlewares/ST/STM32_USB_Device_Library/Core/Src/usbd_ioreq.o
                0x0800d6c8                USBD_CtlSendStatus
 .text.USBD_CtlReceiveStatus
                0x0800d6ee       0x26 ./Middlewares/ST/STM32_USB_Device_Library/Core/Src/usbd_ioreq.o
                0x0800d6ee                USBD_CtlReceiveStatus
 .text.MX_USB_DEVICE_Init
                0x0800d714       0x60 ./USB_DEVICE/App/usb_device.o
                0x0800d714                MX_USB_DEVICE_Init
 .text.CDC_Init_FS
                0x0800d774       0x28 ./USB_DEVICE/App/usbd_cdc_if.o
 .text.CDC_DeInit_FS
                0x0800d79c       0x10 ./USB_DEVICE/App/usbd_cdc_if.o
 .text.CDC_Control_FS
                0x0800d7ac       0xbc ./USB_DEVICE/App/usbd_cdc_if.o
 .text.CDC_Receive_FS
                0x0800d868       0x28 ./USB_DEVICE/App/usbd_cdc_if.o
 .text.CDC_Transmit_FS
                0x0800d890       0x4c ./USB_DEVICE/App/usbd_cdc_if.o
                0x0800d890                CDC_Transmit_FS
 .text.CDC_TransmitCplt_FS
                0x0800d8dc       0x22 ./USB_DEVICE/App/usbd_cdc_if.o
 *fill*         0x0800d8fe        0x2 
 .text.USBD_FS_DeviceDescriptor
                0x0800d900       0x24 ./USB_DEVICE/App/usbd_desc.o
                0x0800d900                USBD_FS_DeviceDescriptor
 .text.USBD_FS_LangIDStrDescriptor
                0x0800d924       0x24 ./USB_DEVICE/App/usbd_desc.o
                0x0800d924                USBD_FS_LangIDStrDescriptor
 .text.USBD_FS_ProductStrDescriptor
                0x0800d948       0x3c ./USB_DEVICE/App/usbd_desc.o
                0x0800d948                USBD_FS_ProductStrDescriptor
 .text.USBD_FS_ManufacturerStrDescriptor
                0x0800d984       0x28 ./USB_DEVICE/App/usbd_desc.o
                0x0800d984                USBD_FS_ManufacturerStrDescriptor
 .text.USBD_FS_SerialStrDescriptor
                0x0800d9ac       0x24 ./USB_DEVICE/App/usbd_desc.o
                0x0800d9ac                USBD_FS_SerialStrDescriptor
 .text.USBD_FS_ConfigStrDescriptor
                0x0800d9d0       0x3c ./USB_DEVICE/App/usbd_desc.o
                0x0800d9d0                USBD_FS_ConfigStrDescriptor
 .text.USBD_FS_InterfaceStrDescriptor
                0x0800da0c       0x3c ./USB_DEVICE/App/usbd_desc.o
                0x0800da0c                USBD_FS_InterfaceStrDescriptor
 .text.Get_SerialNum
                0x0800da48       0x58 ./USB_DEVICE/App/usbd_desc.o
 .text.IntToUnicode
                0x0800daa0       0x7e ./USB_DEVICE/App/usbd_desc.o
 *fill*         0x0800db1e        0x2 
 .text.HAL_PCD_MspInit
                0x0800db20       0xa8 ./USB_DEVICE/Target/usbd_conf.o
                0x0800db20                HAL_PCD_MspInit
 .text.HAL_PCD_SetupStageCallback
                0x0800dbc8       0x24 ./USB_DEVICE/Target/usbd_conf.o
                0x0800dbc8                HAL_PCD_SetupStageCallback
 .text.HAL_PCD_DataOutStageCallback
                0x0800dbec       0x36 ./USB_DEVICE/Target/usbd_conf.o
                0x0800dbec                HAL_PCD_DataOutStageCallback
 .text.HAL_PCD_DataInStageCallback
                0x0800dc22       0x34 ./USB_DEVICE/Target/usbd_conf.o
                0x0800dc22                HAL_PCD_DataInStageCallback
 .text.HAL_PCD_SOFCallback
                0x0800dc56       0x1c ./USB_DEVICE/Target/usbd_conf.o
                0x0800dc56                HAL_PCD_SOFCallback
 .text.HAL_PCD_ResetCallback
                0x0800dc72       0x50 ./USB_DEVICE/Target/usbd_conf.o
                0x0800dc72                HAL_PCD_ResetCallback
 *fill*         0x0800dcc2        0x2 
 .text.HAL_PCD_SuspendCallback
                0x0800dcc4       0x4c ./USB_DEVICE/Target/usbd_conf.o
                0x0800dcc4                HAL_PCD_SuspendCallback
 .text.HAL_PCD_ResumeCallback
                0x0800dd10       0x1c ./USB_DEVICE/Target/usbd_conf.o
                0x0800dd10                HAL_PCD_ResumeCallback
 .text.HAL_PCD_ISOOUTIncompleteCallback
                0x0800dd2c       0x24 ./USB_DEVICE/Target/usbd_conf.o
                0x0800dd2c                HAL_PCD_ISOOUTIncompleteCallback
 .text.HAL_PCD_ISOINIncompleteCallback
                0x0800dd50       0x24 ./USB_DEVICE/Target/usbd_conf.o
                0x0800dd50                HAL_PCD_ISOINIncompleteCallback
 .text.HAL_PCD_ConnectCallback
                0x0800dd74       0x1c ./USB_DEVICE/Target/usbd_conf.o
                0x0800dd74                HAL_PCD_ConnectCallback
 .text.HAL_PCD_DisconnectCallback
                0x0800dd90       0x1c ./USB_DEVICE/Target/usbd_conf.o
                0x0800dd90                HAL_PCD_DisconnectCallback
 .text.USBD_LL_Init
                0x0800ddac       0x98 ./USB_DEVICE/Target/usbd_conf.o
                0x0800ddac                USBD_LL_Init
 .text.USBD_LL_Start
                0x0800de44       0x36 ./USB_DEVICE/Target/usbd_conf.o
                0x0800de44                USBD_LL_Start
 .text.USBD_LL_OpenEP
                0x0800de7a       0x4c ./USB_DEVICE/Target/usbd_conf.o
                0x0800de7a                USBD_LL_OpenEP
 .text.USBD_LL_CloseEP
                0x0800dec6       0x3e ./USB_DEVICE/Target/usbd_conf.o
                0x0800dec6                USBD_LL_CloseEP
 .text.USBD_LL_StallEP
                0x0800df04       0x3e ./USB_DEVICE/Target/usbd_conf.o
                0x0800df04                USBD_LL_StallEP
 .text.USBD_LL_ClearStallEP
                0x0800df42       0x3e ./USB_DEVICE/Target/usbd_conf.o
                0x0800df42                USBD_LL_ClearStallEP
 .text.USBD_LL_IsStallEP
                0x0800df80       0x58 ./USB_DEVICE/Target/usbd_conf.o
                0x0800df80                USBD_LL_IsStallEP
 .text.USBD_LL_SetUSBAddress
                0x0800dfd8       0x3e ./USB_DEVICE/Target/usbd_conf.o
                0x0800dfd8                USBD_LL_SetUSBAddress
 .text.USBD_LL_Transmit
                0x0800e016       0x42 ./USB_DEVICE/Target/usbd_conf.o
                0x0800e016                USBD_LL_Transmit
 .text.USBD_LL_PrepareReceive
                0x0800e058       0x42 ./USB_DEVICE/Target/usbd_conf.o
                0x0800e058                USBD_LL_PrepareReceive
 .text.USBD_LL_GetRxDataSize
                0x0800e09a       0x26 ./USB_DEVICE/Target/usbd_conf.o
                0x0800e09a                USBD_LL_GetRxDataSize
 .text.USBD_static_malloc
                0x0800e0c0       0x1c ./USB_DEVICE/Target/usbd_conf.o
                0x0800e0c0                USBD_static_malloc
 .text.USBD_static_free
                0x0800e0dc       0x14 ./USB_DEVICE/Target/usbd_conf.o
                0x0800e0dc                USBD_static_free
 .text.USBD_Get_USB_Status
                0x0800e0f0       0x58 ./USB_DEVICE/Target/usbd_conf.o
                0x0800e0f0                USBD_Get_USB_Status
 .text._strtoul_l.constprop.0
                0x0800e148       0xdc C:/ST/STM32CubeIDE_1.17.0/STM32CubeIDE/plugins/com.st.stm32cube.ide.mcu.externaltools.gnu-tools-for-stm32.12.3.rel1.win32_1.1.0.202410251130/tools/bin/../lib/gcc/arm-none-eabi/12.3.1/../../../../arm-none-eabi/lib/thumb/v7e-m+fp/hard\libc_nano.a(libc_a-strtoul.o)
 .text.strtoul  0x0800e224       0x14 C:/ST/STM32CubeIDE_1.17.0/STM32CubeIDE/plugins/com.st.stm32cube.ide.mcu.externaltools.gnu-tools-for-stm32.12.3.rel1.win32_1.1.0.202410251130/tools/bin/../lib/gcc/arm-none-eabi/12.3.1/../../../../arm-none-eabi/lib/thumb/v7e-m+fp/hard\libc_nano.a(libc_a-strtoul.o)
                0x0800e224                strtoul
 .text.__cvt    0x0800e238       0xca C:/ST/STM32CubeIDE_1.17.0/STM32CubeIDE/plugins/com.st.stm32cube.ide.mcu.externaltools.gnu-tools-for-stm32.12.3.rel1.win32_1.1.0.202410251130/tools/bin/../lib/gcc/arm-none-eabi/12.3.1/../../../../arm-none-eabi/lib/thumb/v7e-m+fp/hard\libc_nano.a(libc_a-nano-vfprintf_float.o)
                0x0800e238                __cvt
 .text.__exponent
                0x0800e302       0x74 C:/ST/STM32CubeIDE_1.17.0/STM32CubeIDE/plugins/com.st.stm32cube.ide.mcu.externaltools.gnu-tools-for-stm32.12.3.rel1.win32_1.1.0.202410251130/tools/bin/../lib/gcc/arm-none-eabi/12.3.1/../../../../arm-none-eabi/lib/thumb/v7e-m+fp/hard\libc_nano.a(libc_a-nano-vfprintf_float.o)
                0x0800e302                __exponent
 *fill*         0x0800e376        0x2 
 .text._printf_float
                0x0800e378      0x454 C:/ST/STM32CubeIDE_1.17.0/STM32CubeIDE/plugins/com.st.stm32cube.ide.mcu.externaltools.gnu-tools-for-stm32.12.3.rel1.win32_1.1.0.202410251130/tools/bin/../lib/gcc/arm-none-eabi/12.3.1/../../../../arm-none-eabi/lib/thumb/v7e-m+fp/hard\libc_nano.a(libc_a-nano-vfprintf_float.o)
                0x0800e378                _printf_float
 .text._printf_common
                0x0800e7cc       0xda C:/ST/STM32CubeIDE_1.17.0/STM32CubeIDE/plugins/com.st.stm32cube.ide.mcu.externaltools.gnu-tools-for-stm32.12.3.rel1.win32_1.1.0.202410251130/tools/bin/../lib/gcc/arm-none-eabi/12.3.1/../../../../arm-none-eabi/lib/thumb/v7e-m+fp/hard\libc_nano.a(libc_a-nano-vfprintf_i.o)
                0x0800e7cc                _printf_common
 *fill*         0x0800e8a6        0x2 
 .text._printf_i
                0x0800e8a8      0x240 C:/ST/STM32CubeIDE_1.17.0/STM32CubeIDE/plugins/com.st.stm32cube.ide.mcu.externaltools.gnu-tools-for-stm32.12.3.rel1.win32_1.1.0.202410251130/tools/bin/../lib/gcc/arm-none-eabi/12.3.1/../../../../arm-none-eabi/lib/thumb/v7e-m+fp/hard\libc_nano.a(libc_a-nano-vfprintf_i.o)
                0x0800e8a8                _printf_i
 .text.std      0x0800eae8       0x6c C:/ST/STM32CubeIDE_1.17.0/STM32CubeIDE/plugins/com.st.stm32cube.ide.mcu.externaltools.gnu-tools-for-stm32.12.3.rel1.win32_1.1.0.202410251130/tools/bin/../lib/gcc/arm-none-eabi/12.3.1/../../../../arm-none-eabi/lib/thumb/v7e-m+fp/hard\libc_nano.a(libc_a-findfp.o)
 .text.stdio_exit_handler
                0x0800eb54       0x18 C:/ST/STM32CubeIDE_1.17.0/STM32CubeIDE/plugins/com.st.stm32cube.ide.mcu.externaltools.gnu-tools-for-stm32.12.3.rel1.win32_1.1.0.202410251130/tools/bin/../lib/gcc/arm-none-eabi/12.3.1/../../../../arm-none-eabi/lib/thumb/v7e-m+fp/hard\libc_nano.a(libc_a-findfp.o)
 .text.cleanup_stdio
                0x0800eb6c       0x40 C:/ST/STM32CubeIDE_1.17.0/STM32CubeIDE/plugins/com.st.stm32cube.ide.mcu.externaltools.gnu-tools-for-stm32.12.3.rel1.win32_1.1.0.202410251130/tools/bin/../lib/gcc/arm-none-eabi/12.3.1/../../../../arm-none-eabi/lib/thumb/v7e-m+fp/hard\libc_nano.a(libc_a-findfp.o)
 .text.global_stdio_init.part.0
                0x0800ebac       0x3c C:/ST/STM32CubeIDE_1.17.0/STM32CubeIDE/plugins/com.st.stm32cube.ide.mcu.externaltools.gnu-tools-for-stm32.12.3.rel1.win32_1.1.0.202410251130/tools/bin/../lib/gcc/arm-none-eabi/12.3.1/../../../../arm-none-eabi/lib/thumb/v7e-m+fp/hard\libc_nano.a(libc_a-findfp.o)
 .text.__sfp_lock_acquire
                0x0800ebe8        0xc C:/ST/STM32CubeIDE_1.17.0/STM32CubeIDE/plugins/com.st.stm32cube.ide.mcu.externaltools.gnu-tools-for-stm32.12.3.rel1.win32_1.1.0.202410251130/tools/bin/../lib/gcc/arm-none-eabi/12.3.1/../../../../arm-none-eabi/lib/thumb/v7e-m+fp/hard\libc_nano.a(libc_a-findfp.o)
                0x0800ebe8                __sfp_lock_acquire
 .text.__sfp_lock_release
                0x0800ebf4        0xc C:/ST/STM32CubeIDE_1.17.0/STM32CubeIDE/plugins/com.st.stm32cube.ide.mcu.externaltools.gnu-tools-for-stm32.12.3.rel1.win32_1.1.0.202410251130/tools/bin/../lib/gcc/arm-none-eabi/12.3.1/../../../../arm-none-eabi/lib/thumb/v7e-m+fp/hard\libc_nano.a(libc_a-findfp.o)
                0x0800ebf4                __sfp_lock_release
 .text.__sinit  0x0800ec00       0x30 C:/ST/STM32CubeIDE_1.17.0/STM32CubeIDE/plugins/com.st.stm32cube.ide.mcu.externaltools.gnu-tools-for-stm32.12.3.rel1.win32_1.1.0.202410251130/tools/bin/../lib/gcc/arm-none-eabi/12.3.1/../../../../arm-none-eabi/lib/thumb/v7e-m+fp/hard\libc_nano.a(libc_a-findfp.o)
                0x0800ec00                __sinit
 .text._fwalk_sglue
                0x0800ec30       0x3c C:/ST/STM32CubeIDE_1.17.0/STM32CubeIDE/plugins/com.st.stm32cube.ide.mcu.externaltools.gnu-tools-for-stm32.12.3.rel1.win32_1.1.0.202410251130/tools/bin/../lib/gcc/arm-none-eabi/12.3.1/../../../../arm-none-eabi/lib/thumb/v7e-m+fp/hard\libc_nano.a(libc_a-fwalk.o)
                0x0800ec30                _fwalk_sglue
 .text.printf   0x0800ec6c       0x24 C:/ST/STM32CubeIDE_1.17.0/STM32CubeIDE/plugins/com.st.stm32cube.ide.mcu.externaltools.gnu-tools-for-stm32.12.3.rel1.win32_1.1.0.202410251130/tools/bin/../lib/gcc/arm-none-eabi/12.3.1/../../../../arm-none-eabi/lib/thumb/v7e-m+fp/hard\libc_nano.a(libc_a-printf.o)
                0x0800ec6c                iprintf
                0x0800ec6c                printf
 .text.sprintf  0x0800ec90       0x40 C:/ST/STM32CubeIDE_1.17.0/STM32CubeIDE/plugins/com.st.stm32cube.ide.mcu.externaltools.gnu-tools-for-stm32.12.3.rel1.win32_1.1.0.202410251130/tools/bin/../lib/gcc/arm-none-eabi/12.3.1/../../../../arm-none-eabi/lib/thumb/v7e-m+fp/hard\libc_nano.a(libc_a-sprintf.o)
                0x0800ec90                siprintf
                0x0800ec90                sprintf
 .text.__sread  0x0800ecd0       0x22 C:/ST/STM32CubeIDE_1.17.0/STM32CubeIDE/plugins/com.st.stm32cube.ide.mcu.externaltools.gnu-tools-for-stm32.12.3.rel1.win32_1.1.0.202410251130/tools/bin/../lib/gcc/arm-none-eabi/12.3.1/../../../../arm-none-eabi/lib/thumb/v7e-m+fp/hard\libc_nano.a(libc_a-stdio.o)
                0x0800ecd0                __sread
 .text.__swrite
                0x0800ecf2       0x38 C:/ST/STM32CubeIDE_1.17.0/STM32CubeIDE/plugins/com.st.stm32cube.ide.mcu.externaltools.gnu-tools-for-stm32.12.3.rel1.win32_1.1.0.202410251130/tools/bin/../lib/gcc/arm-none-eabi/12.3.1/../../../../arm-none-eabi/lib/thumb/v7e-m+fp/hard\libc_nano.a(libc_a-stdio.o)
                0x0800ecf2                __swrite
 .text.__sseek  0x0800ed2a       0x24 C:/ST/STM32CubeIDE_1.17.0/STM32CubeIDE/plugins/com.st.stm32cube.ide.mcu.externaltools.gnu-tools-for-stm32.12.3.rel1.win32_1.1.0.202410251130/tools/bin/../lib/gcc/arm-none-eabi/12.3.1/../../../../arm-none-eabi/lib/thumb/v7e-m+fp/hard\libc_nano.a(libc_a-stdio.o)
                0x0800ed2a                __sseek
 .text.__sclose
                0x0800ed4e        0x8 C:/ST/STM32CubeIDE_1.17.0/STM32CubeIDE/plugins/com.st.stm32cube.ide.mcu.externaltools.gnu-tools-for-stm32.12.3.rel1.win32_1.1.0.202410251130/tools/bin/../lib/gcc/arm-none-eabi/12.3.1/../../../../arm-none-eabi/lib/thumb/v7e-m+fp/hard\libc_nano.a(libc_a-stdio.o)
                0x0800ed4e                __sclose
 .text.memset   0x0800ed56       0x10 C:/ST/STM32CubeIDE_1.17.0/STM32CubeIDE/plugins/com.st.stm32cube.ide.mcu.externaltools.gnu-tools-for-stm32.12.3.rel1.win32_1.1.0.202410251130/tools/bin/../lib/gcc/arm-none-eabi/12.3.1/../../../../arm-none-eabi/lib/thumb/v7e-m+fp/hard\libc_nano.a(libc_a-memset.o)
                0x0800ed56                memset
 *fill*         0x0800ed66        0x2 
 .text._localeconv_r
                0x0800ed68        0x8 C:/ST/STM32CubeIDE_1.17.0/STM32CubeIDE/plugins/com.st.stm32cube.ide.mcu.externaltools.gnu-tools-for-stm32.12.3.rel1.win32_1.1.0.202410251130/tools/bin/../lib/gcc/arm-none-eabi/12.3.1/../../../../arm-none-eabi/lib/thumb/v7e-m+fp/hard\libc_nano.a(libc_a-localeconv.o)
                0x0800ed68                _localeconv_r
 .text._close_r
                0x0800ed70       0x20 C:/ST/STM32CubeIDE_1.17.0/STM32CubeIDE/plugins/com.st.stm32cube.ide.mcu.externaltools.gnu-tools-for-stm32.12.3.rel1.win32_1.1.0.202410251130/tools/bin/../lib/gcc/arm-none-eabi/12.3.1/../../../../arm-none-eabi/lib/thumb/v7e-m+fp/hard\libc_nano.a(libc_a-closer.o)
                0x0800ed70                _close_r
 .text._lseek_r
                0x0800ed90       0x24 C:/ST/STM32CubeIDE_1.17.0/STM32CubeIDE/plugins/com.st.stm32cube.ide.mcu.externaltools.gnu-tools-for-stm32.12.3.rel1.win32_1.1.0.202410251130/tools/bin/../lib/gcc/arm-none-eabi/12.3.1/../../../../arm-none-eabi/lib/thumb/v7e-m+fp/hard\libc_nano.a(libc_a-lseekr.o)
                0x0800ed90                _lseek_r
 .text._read_r  0x0800edb4       0x24 C:/ST/STM32CubeIDE_1.17.0/STM32CubeIDE/plugins/com.st.stm32cube.ide.mcu.externaltools.gnu-tools-for-stm32.12.3.rel1.win32_1.1.0.202410251130/tools/bin/../lib/gcc/arm-none-eabi/12.3.1/../../../../arm-none-eabi/lib/thumb/v7e-m+fp/hard\libc_nano.a(libc_a-readr.o)
                0x0800edb4                _read_r
 .text._write_r
                0x0800edd8       0x24 C:/ST/STM32CubeIDE_1.17.0/STM32CubeIDE/plugins/com.st.stm32cube.ide.mcu.externaltools.gnu-tools-for-stm32.12.3.rel1.win32_1.1.0.202410251130/tools/bin/../lib/gcc/arm-none-eabi/12.3.1/../../../../arm-none-eabi/lib/thumb/v7e-m+fp/hard\libc_nano.a(libc_a-writer.o)
                0x0800edd8                _write_r
 .text.__errno  0x0800edfc        0xc C:/ST/STM32CubeIDE_1.17.0/STM32CubeIDE/plugins/com.st.stm32cube.ide.mcu.externaltools.gnu-tools-for-stm32.12.3.rel1.win32_1.1.0.202410251130/tools/bin/../lib/gcc/arm-none-eabi/12.3.1/../../../../arm-none-eabi/lib/thumb/v7e-m+fp/hard\libc_nano.a(libc_a-errno.o)
                0x0800edfc                __errno
 .text.__libc_init_array
                0x0800ee08       0x48 C:/ST/STM32CubeIDE_1.17.0/STM32CubeIDE/plugins/com.st.stm32cube.ide.mcu.externaltools.gnu-tools-for-stm32.12.3.rel1.win32_1.1.0.202410251130/tools/bin/../lib/gcc/arm-none-eabi/12.3.1/../../../../arm-none-eabi/lib/thumb/v7e-m+fp/hard\libc_nano.a(libc_a-init.o)
                0x0800ee08                __libc_init_array
 .text.__retarget_lock_init_recursive
                0x0800ee50        0x2 C:/ST/STM32CubeIDE_1.17.0/STM32CubeIDE/plugins/com.st.stm32cube.ide.mcu.externaltools.gnu-tools-for-stm32.12.3.rel1.win32_1.1.0.202410251130/tools/bin/../lib/gcc/arm-none-eabi/12.3.1/../../../../arm-none-eabi/lib/thumb/v7e-m+fp/hard\libc_nano.a(libc_a-lock.o)
                0x0800ee50                __retarget_lock_init_recursive
 .text.__retarget_lock_acquire_recursive
                0x0800ee52        0x2 C:/ST/STM32CubeIDE_1.17.0/STM32CubeIDE/plugins/com.st.stm32cube.ide.mcu.externaltools.gnu-tools-for-stm32.12.3.rel1.win32_1.1.0.202410251130/tools/bin/../lib/gcc/arm-none-eabi/12.3.1/../../../../arm-none-eabi/lib/thumb/v7e-m+fp/hard\libc_nano.a(libc_a-lock.o)
                0x0800ee52                __retarget_lock_acquire_recursive
 .text.__retarget_lock_release_recursive
                0x0800ee54        0x2 C:/ST/STM32CubeIDE_1.17.0/STM32CubeIDE/plugins/com.st.stm32cube.ide.mcu.externaltools.gnu-tools-for-stm32.12.3.rel1.win32_1.1.0.202410251130/tools/bin/../lib/gcc/arm-none-eabi/12.3.1/../../../../arm-none-eabi/lib/thumb/v7e-m+fp/hard\libc_nano.a(libc_a-lock.o)
                0x0800ee54                __retarget_lock_release_recursive
 .text.memcpy   0x0800ee56       0x1c C:/ST/STM32CubeIDE_1.17.0/STM32CubeIDE/plugins/com.st.stm32cube.ide.mcu.externaltools.gnu-tools-for-stm32.12.3.rel1.win32_1.1.0.202410251130/tools/bin/../lib/gcc/arm-none-eabi/12.3.1/../../../../arm-none-eabi/lib/thumb/v7e-m+fp/hard\libc_nano.a(libc_a-memcpy-stub.o)
                0x0800ee56                memcpy
 .text.copysign
                0x0800ee72       0x22 C:/ST/STM32CubeIDE_1.17.0/STM32CubeIDE/plugins/com.st.stm32cube.ide.mcu.externaltools.gnu-tools-for-stm32.12.3.rel1.win32_1.1.0.202410251130/tools/bin/../lib/gcc/arm-none-eabi/12.3.1/../../../../arm-none-eabi/lib/thumb/v7e-m+fp/hard\libc_nano.a(libm_a-s_copysign.o)
                0x0800ee72                copysign
 .text.quorem   0x0800ee94      0x110 C:/ST/STM32CubeIDE_1.17.0/STM32CubeIDE/plugins/com.st.stm32cube.ide.mcu.externaltools.gnu-tools-for-stm32.12.3.rel1.win32_1.1.0.202410251130/tools/bin/../lib/gcc/arm-none-eabi/12.3.1/../../../../arm-none-eabi/lib/thumb/v7e-m+fp/hard\libc_nano.a(libc_a-dtoa.o)
 *fill*         0x0800efa4        0x4 
 .text._dtoa_r  0x0800efa8      0xb88 C:/ST/STM32CubeIDE_1.17.0/STM32CubeIDE/plugins/com.st.stm32cube.ide.mcu.externaltools.gnu-tools-for-stm32.12.3.rel1.win32_1.1.0.202410251130/tools/bin/../lib/gcc/arm-none-eabi/12.3.1/../../../../arm-none-eabi/lib/thumb/v7e-m+fp/hard\libc_nano.a(libc_a-dtoa.o)
                0x0800efa8                _dtoa_r
 .text._free_r  0x0800fb30       0x94 C:/ST/STM32CubeIDE_1.17.0/STM32CubeIDE/plugins/com.st.stm32cube.ide.mcu.externaltools.gnu-tools-for-stm32.12.3.rel1.win32_1.1.0.202410251130/tools/bin/../lib/gcc/arm-none-eabi/12.3.1/../../../../arm-none-eabi/lib/thumb/v7e-m+fp/hard\libc_nano.a(libc_a-freer.o)
                0x0800fb30                _free_r
 .text.malloc   0x0800fbc4       0x10 C:/ST/STM32CubeIDE_1.17.0/STM32CubeIDE/plugins/com.st.stm32cube.ide.mcu.externaltools.gnu-tools-for-stm32.12.3.rel1.win32_1.1.0.202410251130/tools/bin/../lib/gcc/arm-none-eabi/12.3.1/../../../../arm-none-eabi/lib/thumb/v7e-m+fp/hard\libc_nano.a(libc_a-malloc.o)
                0x0800fbc4                malloc
 .text.sbrk_aligned
                0x0800fbd4       0x44 C:/ST/STM32CubeIDE_1.17.0/STM32CubeIDE/plugins/com.st.stm32cube.ide.mcu.externaltools.gnu-tools-for-stm32.12.3.rel1.win32_1.1.0.202410251130/tools/bin/../lib/gcc/arm-none-eabi/12.3.1/../../../../arm-none-eabi/lib/thumb/v7e-m+fp/hard\libc_nano.a(libc_a-mallocr.o)
 .text._malloc_r
                0x0800fc18      0x100 C:/ST/STM32CubeIDE_1.17.0/STM32CubeIDE/plugins/com.st.stm32cube.ide.mcu.externaltools.gnu-tools-for-stm32.12.3.rel1.win32_1.1.0.202410251130/tools/bin/../lib/gcc/arm-none-eabi/12.3.1/../../../../arm-none-eabi/lib/thumb/v7e-m+fp/hard\libc_nano.a(libc_a-mallocr.o)
                0x0800fc18                _malloc_r
 .text.__malloc_lock
                0x0800fd18        0xc C:/ST/STM32CubeIDE_1.17.0/STM32CubeIDE/plugins/com.st.stm32cube.ide.mcu.externaltools.gnu-tools-for-stm32.12.3.rel1.win32_1.1.0.202410251130/tools/bin/../lib/gcc/arm-none-eabi/12.3.1/../../../../arm-none-eabi/lib/thumb/v7e-m+fp/hard\libc_nano.a(libc_a-mlock.o)
                0x0800fd18                __malloc_lock
 .text.__malloc_unlock
                0x0800fd24        0xc C:/ST/STM32CubeIDE_1.17.0/STM32CubeIDE/plugins/com.st.stm32cube.ide.mcu.externaltools.gnu-tools-for-stm32.12.3.rel1.win32_1.1.0.202410251130/tools/bin/../lib/gcc/arm-none-eabi/12.3.1/../../../../arm-none-eabi/lib/thumb/v7e-m+fp/hard\libc_nano.a(libc_a-mlock.o)
                0x0800fd24                __malloc_unlock
 .text._Balloc  0x0800fd30       0x80 C:/ST/STM32CubeIDE_1.17.0/STM32CubeIDE/plugins/com.st.stm32cube.ide.mcu.externaltools.gnu-tools-for-stm32.12.3.rel1.win32_1.1.0.202410251130/tools/bin/../lib/gcc/arm-none-eabi/12.3.1/../../../../arm-none-eabi/lib/thumb/v7e-m+fp/hard\libc_nano.a(libc_a-mprec.o)
                0x0800fd30                _Balloc
 .text._Bfree   0x0800fdb0       0x44 C:/ST/STM32CubeIDE_1.17.0/STM32CubeIDE/plugins/com.st.stm32cube.ide.mcu.externaltools.gnu-tools-for-stm32.12.3.rel1.win32_1.1.0.202410251130/tools/bin/../lib/gcc/arm-none-eabi/12.3.1/../../../../arm-none-eabi/lib/thumb/v7e-m+fp/hard\libc_nano.a(libc_a-mprec.o)
                0x0800fdb0                _Bfree
 .text.__multadd
                0x0800fdf4       0x8c C:/ST/STM32CubeIDE_1.17.0/STM32CubeIDE/plugins/com.st.stm32cube.ide.mcu.externaltools.gnu-tools-for-stm32.12.3.rel1.win32_1.1.0.202410251130/tools/bin/../lib/gcc/arm-none-eabi/12.3.1/../../../../arm-none-eabi/lib/thumb/v7e-m+fp/hard\libc_nano.a(libc_a-mprec.o)
                0x0800fdf4                __multadd
 .text.__hi0bits
                0x0800fe80       0x3e C:/ST/STM32CubeIDE_1.17.0/STM32CubeIDE/plugins/com.st.stm32cube.ide.mcu.externaltools.gnu-tools-for-stm32.12.3.rel1.win32_1.1.0.202410251130/tools/bin/../lib/gcc/arm-none-eabi/12.3.1/../../../../arm-none-eabi/lib/thumb/v7e-m+fp/hard\libc_nano.a(libc_a-mprec.o)
                0x0800fe80                __hi0bits
 .text.__lo0bits
                0x0800febe       0x5a C:/ST/STM32CubeIDE_1.17.0/STM32CubeIDE/plugins/com.st.stm32cube.ide.mcu.externaltools.gnu-tools-for-stm32.12.3.rel1.win32_1.1.0.202410251130/tools/bin/../lib/gcc/arm-none-eabi/12.3.1/../../../../arm-none-eabi/lib/thumb/v7e-m+fp/hard\libc_nano.a(libc_a-mprec.o)
                0x0800febe                __lo0bits
 .text.__i2b    0x0800ff18       0x2c C:/ST/STM32CubeIDE_1.17.0/STM32CubeIDE/plugins/com.st.stm32cube.ide.mcu.externaltools.gnu-tools-for-stm32.12.3.rel1.win32_1.1.0.202410251130/tools/bin/../lib/gcc/arm-none-eabi/12.3.1/../../../../arm-none-eabi/lib/thumb/v7e-m+fp/hard\libc_nano.a(libc_a-mprec.o)
                0x0800ff18                __i2b
 .text.__multiply
                0x0800ff44      0x154 C:/ST/STM32CubeIDE_1.17.0/STM32CubeIDE/plugins/com.st.stm32cube.ide.mcu.externaltools.gnu-tools-for-stm32.12.3.rel1.win32_1.1.0.202410251130/tools/bin/../lib/gcc/arm-none-eabi/12.3.1/../../../../arm-none-eabi/lib/thumb/v7e-m+fp/hard\libc_nano.a(libc_a-mprec.o)
                0x0800ff44                __multiply
 .text.__pow5mult
                0x08010098       0xb4 C:/ST/STM32CubeIDE_1.17.0/STM32CubeIDE/plugins/com.st.stm32cube.ide.mcu.externaltools.gnu-tools-for-stm32.12.3.rel1.win32_1.1.0.202410251130/tools/bin/../lib/gcc/arm-none-eabi/12.3.1/../../../../arm-none-eabi/lib/thumb/v7e-m+fp/hard\libc_nano.a(libc_a-mprec.o)
                0x08010098                __pow5mult
 .text.__lshift
                0x0801014c       0xd8 C:/ST/STM32CubeIDE_1.17.0/STM32CubeIDE/plugins/com.st.stm32cube.ide.mcu.externaltools.gnu-tools-for-stm32.12.3.rel1.win32_1.1.0.202410251130/tools/bin/../lib/gcc/arm-none-eabi/12.3.1/../../../../arm-none-eabi/lib/thumb/v7e-m+fp/hard\libc_nano.a(libc_a-mprec.o)
                0x0801014c                __lshift
 .text.__mcmp   0x08010224       0x36 C:/ST/STM32CubeIDE_1.17.0/STM32CubeIDE/plugins/com.st.stm32cube.ide.mcu.externaltools.gnu-tools-for-stm32.12.3.rel1.win32_1.1.0.202410251130/tools/bin/../lib/gcc/arm-none-eabi/12.3.1/../../../../arm-none-eabi/lib/thumb/v7e-m+fp/hard\libc_nano.a(libc_a-mprec.o)
                0x08010224                __mcmp
 *fill*         0x0801025a        0x2 
 .text.__mdiff  0x0801025c      0x128 C:/ST/STM32CubeIDE_1.17.0/STM32CubeIDE/plugins/com.st.stm32cube.ide.mcu.externaltools.gnu-tools-for-stm32.12.3.rel1.win32_1.1.0.202410251130/tools/bin/../lib/gcc/arm-none-eabi/12.3.1/../../../../arm-none-eabi/lib/thumb/v7e-m+fp/hard\libc_nano.a(libc_a-mprec.o)
                0x0801025c                __mdiff
 .text.__d2b    0x08010384       0xb0 C:/ST/STM32CubeIDE_1.17.0/STM32CubeIDE/plugins/com.st.stm32cube.ide.mcu.externaltools.gnu-tools-for-stm32.12.3.rel1.win32_1.1.0.202410251130/tools/bin/../lib/gcc/arm-none-eabi/12.3.1/../../../../arm-none-eabi/lib/thumb/v7e-m+fp/hard\libc_nano.a(libc_a-mprec.o)
                0x08010384                __d2b
 .text.__ssputs_r
                0x08010434       0xb6 C:/ST/STM32CubeIDE_1.17.0/STM32CubeIDE/plugins/com.st.stm32cube.ide.mcu.externaltools.gnu-tools-for-stm32.12.3.rel1.win32_1.1.0.202410251130/tools/bin/../lib/gcc/arm-none-eabi/12.3.1/../../../../arm-none-eabi/lib/thumb/v7e-m+fp/hard\libc_nano.a(libc_a-nano-svfprintf.o)
                0x08010434                __ssputs_r
 *fill*         0x080104ea        0x2 
 .text._svfprintf_r
                0x080104ec      0x1f8 C:/ST/STM32CubeIDE_1.17.0/STM32CubeIDE/plugins/com.st.stm32cube.ide.mcu.externaltools.gnu-tools-for-stm32.12.3.rel1.win32_1.1.0.202410251130/tools/bin/../lib/gcc/arm-none-eabi/12.3.1/../../../../arm-none-eabi/lib/thumb/v7e-m+fp/hard\libc_nano.a(libc_a-nano-svfprintf.o)
                0x080104ec                _svfiprintf_r
                0x080104ec                _svfprintf_r
 .text.__sfputc_r
                0x080106e4       0x2e C:/ST/STM32CubeIDE_1.17.0/STM32CubeIDE/plugins/com.st.stm32cube.ide.mcu.externaltools.gnu-tools-for-stm32.12.3.rel1.win32_1.1.0.202410251130/tools/bin/../lib/gcc/arm-none-eabi/12.3.1/../../../../arm-none-eabi/lib/thumb/v7e-m+fp/hard\libc_nano.a(libc_a-nano-vfprintf.o)
 .text.__sfputs_r
                0x08010712       0x24 C:/ST/STM32CubeIDE_1.17.0/STM32CubeIDE/plugins/com.st.stm32cube.ide.mcu.externaltools.gnu-tools-for-stm32.12.3.rel1.win32_1.1.0.202410251130/tools/bin/../lib/gcc/arm-none-eabi/12.3.1/../../../../arm-none-eabi/lib/thumb/v7e-m+fp/hard\libc_nano.a(libc_a-nano-vfprintf.o)
                0x08010712                __sfputs_r
 *fill*         0x08010736        0x2 
 .text._vfprintf_r
                0x08010738      0x230 C:/ST/STM32CubeIDE_1.17.0/STM32CubeIDE/plugins/com.st.stm32cube.ide.mcu.externaltools.gnu-tools-for-stm32.12.3.rel1.win32_1.1.0.202410251130/tools/bin/../lib/gcc/arm-none-eabi/12.3.1/../../../../arm-none-eabi/lib/thumb/v7e-m+fp/hard\libc_nano.a(libc_a-nano-vfprintf.o)
                0x08010738                _vfprintf_r
                0x08010738                _vfiprintf_r
 .text.__sflush_r
                0x08010968      0x108 C:/ST/STM32CubeIDE_1.17.0/STM32CubeIDE/plugins/com.st.stm32cube.ide.mcu.externaltools.gnu-tools-for-stm32.12.3.rel1.win32_1.1.0.202410251130/tools/bin/../lib/gcc/arm-none-eabi/12.3.1/../../../../arm-none-eabi/lib/thumb/v7e-m+fp/hard\libc_nano.a(libc_a-fflush.o)
                0x08010968                __sflush_r
 .text._fflush_r
                0x08010a70       0x50 C:/ST/STM32CubeIDE_1.17.0/STM32CubeIDE/plugins/com.st.stm32cube.ide.mcu.externaltools.gnu-tools-for-stm32.12.3.rel1.win32_1.1.0.202410251130/tools/bin/../lib/gcc/arm-none-eabi/12.3.1/../../../../arm-none-eabi/lib/thumb/v7e-m+fp/hard\libc_nano.a(libc_a-fflush.o)
                0x08010a70                _fflush_r
 .text.__swbuf_r
                0x08010ac0       0x7c C:/ST/STM32CubeIDE_1.17.0/STM32CubeIDE/plugins/com.st.stm32cube.ide.mcu.externaltools.gnu-tools-for-stm32.12.3.rel1.win32_1.1.0.202410251130/tools/bin/../lib/gcc/arm-none-eabi/12.3.1/../../../../arm-none-eabi/lib/thumb/v7e-m+fp/hard\libc_nano.a(libc_a-wbuf.o)
                0x08010ac0                __swbuf_r
 .text.__swsetup_r
                0x08010b3c       0xac C:/ST/STM32CubeIDE_1.17.0/STM32CubeIDE/plugins/com.st.stm32cube.ide.mcu.externaltools.gnu-tools-for-stm32.12.3.rel1.win32_1.1.0.202410251130/tools/bin/../lib/gcc/arm-none-eabi/12.3.1/../../../../arm-none-eabi/lib/thumb/v7e-m+fp/hard\libc_nano.a(libc_a-wsetup.o)
                0x08010b3c                __swsetup_r
 .text.memmove  0x08010be8       0x34 C:/ST/STM32CubeIDE_1.17.0/STM32CubeIDE/plugins/com.st.stm32cube.ide.mcu.externaltools.gnu-tools-for-stm32.12.3.rel1.win32_1.1.0.202410251130/tools/bin/../lib/gcc/arm-none-eabi/12.3.1/../../../../arm-none-eabi/lib/thumb/v7e-m+fp/hard\libc_nano.a(libc_a-memmove.o)
                0x08010be8                memmove
 .text._sbrk_r  0x08010c1c       0x20 C:/ST/STM32CubeIDE_1.17.0/STM32CubeIDE/plugins/com.st.stm32cube.ide.mcu.externaltools.gnu-tools-for-stm32.12.3.rel1.win32_1.1.0.202410251130/tools/bin/../lib/gcc/arm-none-eabi/12.3.1/../../../../arm-none-eabi/lib/thumb/v7e-m+fp/hard\libc_nano.a(libc_a-sbrkr.o)
                0x08010c1c                _sbrk_r
 .text.__assert_func
                0x08010c3c       0x3c C:/ST/STM32CubeIDE_1.17.0/STM32CubeIDE/plugins/com.st.stm32cube.ide.mcu.externaltools.gnu-tools-for-stm32.12.3.rel1.win32_1.1.0.202410251130/tools/bin/../lib/gcc/arm-none-eabi/12.3.1/../../../../arm-none-eabi/lib/thumb/v7e-m+fp/hard\libc_nano.a(libc_a-assert.o)
                0x08010c3c                __assert_func
 .text._calloc_r
                0x08010c78       0x28 C:/ST/STM32CubeIDE_1.17.0/STM32CubeIDE/plugins/com.st.stm32cube.ide.mcu.externaltools.gnu-tools-for-stm32.12.3.rel1.win32_1.1.0.202410251130/tools/bin/../lib/gcc/arm-none-eabi/12.3.1/../../../../arm-none-eabi/lib/thumb/v7e-m+fp/hard\libc_nano.a(libc_a-callocr.o)
                0x08010c78                _calloc_r
 .text.__ascii_mbtowc