../Core/Src/BMI088.c:145:9:BMI088_ReadAccRegister	40	static
../Core/Src/BMI088.c:164:9:BMI088_ReadGyrRegister	40	static
../Core/Src/BMI088.c:183:9:BMI088_WriteAccRegister	24	static
../Core/Src/BMI088.c:196:9:BMI088_WriteGyrRegister	24	static
../Core/Src/BMI088.c:16:9:BMI088_Init	24	static
../Core/Src/BMI088.c:216:9:BMI088_ReadAccelerometer	40	static
../Core/Src/BMI088.c:240:9:BMI088_ReadGyroscope	40	static
../Core/Src/BMI088.c:269:9:BMI088_ReadAccelerometerDMA	8	static
../Core/Src/BMI088.c:286:6:BMI088_ReadAccelerometerDMA_Complete	16	static
../Core/Src/BMI088.c:303:9:BMI088_ReadGyroscopeDMA	8	static
../Core/Src/BMI088.c:320:6:BMI088_ReadGyroscopeDMA_Complete	16	static
