../Core/Inc/FusionMath.h:169:21:FusionFastInverseSqrt	0	static
../Core/Src/FusionAhrs.c:292:28:Feedback	64	static
../Core/Src/FusionAhrs.c:64:6:FusionAhrsReset	0	static
../Core/Src/FusionAhrs.c:85:6:FusionAhrsSetSettings	24	static
../Core/Src/FusionAhrs.c:46:6:FusionAhrsInitialise	40	static
../Core/Src/FusionAhrs.c:113:6:FusionAhrsUpdate	160	static
../Core/Src/FusionAhrs.c:344:6:FusionAhrsUpdateExternalHeading	72	static
../Core/Src/FusionAhrs.c:369:18:FusionAhrsGetQuaternion	32	static
../Core/Src/FusionAhrs.c:378:6:FusionAhrsSetQuaternion	24	static
../Core/Src/FusionAhrs.c:387:14:FusionAhrsGetGravity	32	static
../Core/Src/FusionAhrs.c:404:14:FusionAhrsGetLinearAcceleration	64	static
../Core/Src/FusionAhrs.c:423:14:FusionAhrsGetEarthAcceleration	32	static
../Core/Src/FusionAhrs.c:461:26:FusionAhrsGetInternalStates	40	static
../Core/Src/FusionAhrs.c:478:17:FusionAhrsGetFlags	24	static
../Core/Src/FusionAhrs.c:495:6:FusionAhrsSetHeading	40	static
../Core/Src/FusionAhrs.c:324:6:FusionAhrsUpdateNoMagnetometer	48	static
