../Core/Src/main.c:137:6:Toggle	16	static
../Core/Src/main.c:149:6:Debug_SPI_DMA	48	static
../Core/Src/main.c:167:6:Take_IMU_Measurements	16	static
../Core/Src/main.c:181:6:HAL_GPIO_EXTI_Callback	16	static
../Core/Src/main.c:198:6:HAL_SPI_TxRxCpltCallback	16	static
../Core/Src/main.c:217:6:HAL_TIM_PeriodElapsedCallback	600	static
../Core/Src/main.c:285:5:main	16	static
../Core/Src/main.c:365:6:SystemClock_Config	88	static
../Core/Src/main.c:411:13:MX_SPI1_Init	8	static
../Core/Src/main.c:449:13:MX_TIM2_Init	32	static
../Core/Src/main.c:496:13:MX_TIM3_Init	32	static
../Core/Src/main.c:539:13:MX_DMA_Init	16	static
../Core/Src/main.c:560:13:MX_GPIO_Init	48	static
../Core/Src/main.c:627:6:Error_Handler	136	static,ignoring_inline_asm
