../Core/Src/main.c:136:6:Toggle	16	static
../Core/Src/main.c:148:6:Debug_SPI_DMA	48	static
../Core/Src/main.c:166:6:Take_IMU_Measurements	16	static
../Core/Src/main.c:188:6:HAL_GPIO_EXTI_Callback	16	static
../Core/Src/main.c:205:6:HAL_SPI_TxRxCpltCallback	16	static
../Core/Src/main.c:224:6:HAL_TIM_PeriodElapsedCallback	568	static
../Core/Src/main.c:292:5:main	16	static
../Core/Src/main.c:372:6:SystemClock_Config	88	static
../Core/Src/main.c:418:13:MX_SPI1_Init	8	static
../Core/Src/main.c:456:13:MX_TIM2_Init	32	static
../Core/Src/main.c:503:13:MX_TIM3_Init	32	static
../Core/Src/main.c:546:13:MX_DMA_Init	16	static
../Core/Src/main.c:567:13:MX_GPIO_Init	48	static
../Core/Src/main.c:634:6:Error_Handler	136	static,ignoring_inline_asm
